<html>
<body>
<pre>
<h1>µVision Build Log</h1>
<h2>Tool Versions:</h2>
IDE-Version: ¦ÌVision V5.38.0.0
Copyright (C) 2022 ARM Ltd and ARM Germany GmbH. All rights reserved.
License Information: 123 123, 123, LIC=MPPLD-8NRQC-II95V-PIN0D-9VMY2-361LK
 
Tool Versions:
Toolchain:       MDK-ARM Plus  Version: 5.38.0.0
Toolchain Path:  D:\Software\MDK keil\ARM\ARM_Compiler_5.06u7\Bin
C Compiler:      Armcc.exe V5.06 update 7 (build 960)
Assembler:       Armasm.exe V5.06 update 7 (build 960)
Linker/Locator:  ArmLink.exe V5.06 update 7 (build 960)
Library Manager: ArmAr.exe V5.06 update 7 (build 960)
Hex Converter:   FromElf.exe V5.06 update 7 (build 960)
CPU DLL:         SARMCM3.DLL V5.38.0.0
Dialog DLL:      DCM.DLL V1.17.5.0
Target DLL:      STLink\ST-LINKIII-KEIL_SWO.dll V3.1.0.0
Dialog DLL:      TCM.DLL V1.56.4.0
 
<h2>Project:</h2>
D:\RoboMaster\Robot_Hero\Robot_Hero_bottom\MDK-ARM\C_Board_Standard_Robot.uvprojx
Project File Date:  12/22/2023

<h2>Output:</h2>
*** Using Compiler 'V5.06 update 7 (build 960)', folder: 'D:\Software\MDK keil\ARM\ARM_Compiler_5.06u7\Bin'
Build target 'C_Board_Standard_Robot'
compiling Chassis_task.c...
../User/DriverLayer/drv_can.h(16): warning:  #1-D: last line of file ends without a newline
  #endif
../User/PotocaLayer/rc_potocal.h(54): warning:  #1-D: last line of file ends without a newline
  #endif
..\User\Task\Chassis_task.h(29): warning:  #1295-D: Deprecated declaration Get_Err - give arg types
  static void Get_Err(); 
..\User\Task\Chassis_task.h(32): warning:  #1295-D: Deprecated declaration Chassis_loop_Init - give arg types
  static void Chassis_loop_Init(); 
..\User\Task\Chassis_task.h(38): warning:  #1295-D: Deprecated declaration Calculate_speed - give arg types
  void Calculate_speed();
..\User\Task\Chassis_task.h(40): warning:  #1295-D: Deprecated declaration RC_move - give arg types
  void RC_move();
../Inc/exchange.h(1): warning:  #1295-D: Deprecated declaration exchange_task - give arg types
  void exchange_task();
../Inc/exchange.h(11): warning:  #1-D: last line of file ends without a newline
  } ins_data_t;
..\User\Task\Chassis_task.c: 8 warnings, 0 errors
linking...
Program Size: Code=49328 RO-data=3916 RW-data=780 ZI-data=47532  
FromELF: creating hex file...
".\C_Board_Standard_Robot\C_Board_Standard_Robot.axf" - 0 Error(s), 8 Warning(s).

<h2>Software Packages used:</h2>

Package Vendor: ARM
                http://www.keil.com/pack/ARM.CMSIS.5.9.0.pack
                ARM.CMSIS.5.9.0
                CMSIS (Common Microcontroller Software Interface Standard)
   * Component: CORE Version: 5.6.0

Package Vendor: Keil
                http://www.keil.com/pack/Keil.STM32F4xx_DFP.2.16.0.pack
                Keil.STM32F4xx_DFP.2.16.0
                STMicroelectronics STM32F4 Series Device Support, Drivers and Examples

<h2>Collection of Component include folders:</h2>
  ./RTE/_C_Board_Standard_Robot
  D:/Software/MDK keil/ARM/Pack/ARM/CMSIS/5.9.0/CMSIS/Core/Include
  D:/Software/MDK keil/ARM/Pack/Keil/STM32F4xx_DFP/2.16.0/Drivers/CMSIS/Device/ST/STM32F4xx/Include

<h2>Collection of Component Files used:</h2>

   * Component: ARM::CMSIS:CORE:5.6.0
Build Time Elapsed:  00:00:03
</pre>
</body>
</html>
