Component: ARM Compiler 5.06 update 7 (build 960) Tool: armlink [4d3601]

==============================================================================

Section Cross References

    startup_stm32f407xx.o(RESET) refers to startup_stm32f407xx.o(STACK) for __initial_sp
    startup_stm32f407xx.o(RESET) refers to startup_stm32f407xx.o(.text) for Reset_Handler
    startup_stm32f407xx.o(RESET) refers to stm32f4xx_it.o(i.NMI_Handler) for NMI_Handler
    startup_stm32f407xx.o(RESET) refers to stm32f4xx_it.o(i.HardFault_Handler) for HardFault_Handler
    startup_stm32f407xx.o(RESET) refers to stm32f4xx_it.o(i.MemManage_Handler) for MemManage_Handler
    startup_stm32f407xx.o(RESET) refers to stm32f4xx_it.o(i.BusFault_Handler) for BusFault_Handler
    startup_stm32f407xx.o(RESET) refers to stm32f4xx_it.o(i.UsageFault_Handler) for UsageFault_Handler
    startup_stm32f407xx.o(RESET) refers to port.o(.emb_text) for SVC_Handler
    startup_stm32f407xx.o(RESET) refers to stm32f4xx_it.o(i.DebugMon_Handler) for DebugMon_Handler
    startup_stm32f407xx.o(RESET) refers to port.o(i.SysTick_Handler) for SysTick_Handler
    startup_stm32f407xx.o(RESET) refers to stm32f4xx_it.o(i.EXTI2_IRQHandler) for EXTI2_IRQHandler
    startup_stm32f407xx.o(RESET) refers to stm32f4xx_it.o(i.EXTI3_IRQHandler) for EXTI3_IRQHandler
    startup_stm32f407xx.o(RESET) refers to stm32f4xx_it.o(i.EXTI4_IRQHandler) for EXTI4_IRQHandler
    startup_stm32f407xx.o(RESET) refers to stm32f4xx_it.o(i.DMA1_Stream1_IRQHandler) for DMA1_Stream1_IRQHandler
    startup_stm32f407xx.o(RESET) refers to stm32f4xx_it.o(i.DMA1_Stream3_IRQHandler) for DMA1_Stream3_IRQHandler
    startup_stm32f407xx.o(RESET) refers to stm32f4xx_it.o(i.CAN1_TX_IRQHandler) for CAN1_TX_IRQHandler
    startup_stm32f407xx.o(RESET) refers to stm32f4xx_it.o(i.CAN1_RX0_IRQHandler) for CAN1_RX0_IRQHandler
    startup_stm32f407xx.o(RESET) refers to stm32f4xx_it.o(i.EXTI9_5_IRQHandler) for EXTI9_5_IRQHandler
    startup_stm32f407xx.o(RESET) refers to stm32f4xx_it.o(i.TIM1_BRK_TIM9_IRQHandler) for TIM1_BRK_TIM9_IRQHandler
    startup_stm32f407xx.o(RESET) refers to stm32f4xx_it.o(i.TIM1_UP_TIM10_IRQHandler) for TIM1_UP_TIM10_IRQHandler
    startup_stm32f407xx.o(RESET) refers to stm32f4xx_it.o(i.TIM3_IRQHandler) for TIM3_IRQHandler
    startup_stm32f407xx.o(RESET) refers to stm32f4xx_it.o(i.SPI1_IRQHandler) for SPI1_IRQHandler
    startup_stm32f407xx.o(RESET) refers to stm32f4xx_it.o(i.USART1_IRQHandler) for USART1_IRQHandler
    startup_stm32f407xx.o(RESET) refers to stm32f4xx_it.o(i.USART3_IRQHandler) for USART3_IRQHandler
    startup_stm32f407xx.o(RESET) refers to stm32f4xx_it.o(i.EXTI15_10_IRQHandler) for EXTI15_10_IRQHandler
    startup_stm32f407xx.o(RESET) refers to stm32f4xx_it.o(i.TIM8_BRK_TIM12_IRQHandler) for TIM8_BRK_TIM12_IRQHandler
    startup_stm32f407xx.o(RESET) refers to stm32f4xx_it.o(i.TIM8_UP_TIM13_IRQHandler) for TIM8_UP_TIM13_IRQHandler
    startup_stm32f407xx.o(RESET) refers to stm32f4xx_it.o(i.TIM6_DAC_IRQHandler) for TIM6_DAC_IRQHandler
    startup_stm32f407xx.o(RESET) refers to stm32f4xx_it.o(i.DMA2_Stream0_IRQHandler) for DMA2_Stream0_IRQHandler
    startup_stm32f407xx.o(RESET) refers to stm32f4xx_it.o(i.DMA2_Stream1_IRQHandler) for DMA2_Stream1_IRQHandler
    startup_stm32f407xx.o(RESET) refers to stm32f4xx_it.o(i.CAN2_TX_IRQHandler) for CAN2_TX_IRQHandler
    startup_stm32f407xx.o(RESET) refers to stm32f4xx_it.o(i.CAN2_RX0_IRQHandler) for CAN2_RX0_IRQHandler
    startup_stm32f407xx.o(RESET) refers to stm32f4xx_it.o(i.DMA2_Stream6_IRQHandler) for DMA2_Stream6_IRQHandler
    startup_stm32f407xx.o(RESET) refers to stm32f4xx_it.o(i.DMA2_Stream7_IRQHandler) for DMA2_Stream7_IRQHandler
    startup_stm32f407xx.o(RESET) refers to stm32f4xx_it.o(i.USART6_IRQHandler) for USART6_IRQHandler
    startup_stm32f407xx.o(.text) refers to system_stm32f4xx.o(i.SystemInit) for SystemInit
    startup_stm32f407xx.o(.text) refers to entry.o(.ARM.Collect$$$$00000000) for __main
    main.o(i.HAL_TIM_PeriodElapsedCallback) refers to stm32f4xx_hal.o(i.HAL_IncTick) for HAL_IncTick
    main.o(i.SystemClock_Config) refers to memseta.o(.text) for __aeabi_memclr4
    main.o(i.SystemClock_Config) refers to stm32f4xx_hal_rcc.o(i.HAL_RCC_OscConfig) for HAL_RCC_OscConfig
    main.o(i.SystemClock_Config) refers to stm32f4xx_hal_rcc.o(i.HAL_RCC_ClockConfig) for HAL_RCC_ClockConfig
    main.o(i.main) refers to stm32f4xx_hal.o(i.HAL_Init) for HAL_Init
    main.o(i.main) refers to main.o(i.SystemClock_Config) for SystemClock_Config
    main.o(i.main) refers to gpio.o(i.MX_GPIO_Init) for MX_GPIO_Init
    main.o(i.main) refers to dma.o(i.MX_DMA_Init) for MX_DMA_Init
    main.o(i.main) refers to spi.o(i.MX_SPI1_Init) for MX_SPI1_Init
    main.o(i.main) refers to tim.o(i.MX_TIM10_Init) for MX_TIM10_Init
    main.o(i.main) refers to can.o(i.MX_CAN1_Init) for MX_CAN1_Init
    main.o(i.main) refers to can.o(i.MX_CAN2_Init) for MX_CAN2_Init
    main.o(i.main) refers to i2c.o(i.MX_I2C3_Init) for MX_I2C3_Init
[...]
    HAL_RCC_GetClockConfig                   0x08003a45   Thumb Code    54  stm32f4xx_hal_rcc.o(i.HAL_RCC_GetClockConfig)
    HAL_RCC_GetPCLK1Freq                     0x08003a85   Thumb Code    20  stm32f4xx_hal_rcc.o(i.HAL_RCC_GetPCLK1Freq)
    HAL_RCC_GetPCLK2Freq                     0x08003aa5   Thumb Code    20  stm32f4xx_hal_rcc.o(i.HAL_RCC_GetPCLK2Freq)
    HAL_RCC_GetSysClockFreq                  0x08003ac5   Thumb Code    88  stm32f4xx_hal_rcc.o(i.HAL_RCC_GetSysClockFreq)
    HAL_RCC_OscConfig                        0x08003b29   Thumb Code   856  stm32f4xx_hal_rcc.o(i.HAL_RCC_OscConfig)
    HAL_SPI_ErrorCallback                    0x08003e95   Thumb Code     2  stm32f4xx_hal_spi.o(i.HAL_SPI_ErrorCallback)
    HAL_SPI_IRQHandler                       0x08003e99   Thumb Code   246  stm32f4xx_hal_spi.o(i.HAL_SPI_IRQHandler)
    HAL_SPI_Init                             0x08003f95   Thumb Code   188  stm32f4xx_hal_spi.o(i.HAL_SPI_Init)
    HAL_SPI_MspInit                          0x08004051   Thumb Code   242  spi.o(i.HAL_SPI_MspInit)
    HAL_SPI_TransmitReceive                  0x0800415d   Thumb Code   482  stm32f4xx_hal_spi.o(i.HAL_SPI_TransmitReceive)
    HAL_TIMEx_BreakCallback                  0x0800433f   Thumb Code     2  stm32f4xx_hal_tim_ex.o(i.HAL_TIMEx_BreakCallback)
    HAL_TIMEx_CommutCallback                 0x08004341   Thumb Code     2  stm32f4xx_hal_tim_ex.o(i.HAL_TIMEx_CommutCallback)
    HAL_TIMEx_MasterConfigSynchronization    0x08004345   Thumb Code   116  stm32f4xx_hal_tim_ex.o(i.HAL_TIMEx_MasterConfigSynchronization)
    HAL_TIM_Base_Init                        0x080043d5   Thumb Code    90  stm32f4xx_hal_tim.o(i.HAL_TIM_Base_Init)
    HAL_TIM_Base_MspInit                     0x08004431   Thumb Code   262  tim.o(i.HAL_TIM_Base_MspInit)
    HAL_TIM_Base_Start_IT                    0x08004555   Thumb Code   100  stm32f4xx_hal_tim.o(i.HAL_TIM_Base_Start_IT)
    HAL_TIM_ConfigClockSource                0x080045d5   Thumb Code   220  stm32f4xx_hal_tim.o(i.HAL_TIM_ConfigClockSource)
    HAL_TIM_IC_CaptureCallback               0x080046b1   Thumb Code     2  stm32f4xx_hal_tim.o(i.HAL_TIM_IC_CaptureCallback)
    HAL_TIM_IRQHandler                       0x080046b3   Thumb Code   358  stm32f4xx_hal_tim.o(i.HAL_TIM_IRQHandler)
    HAL_TIM_MspPostInit                      0x08004819   Thumb Code    70  tim.o(i.HAL_TIM_MspPostInit)
    HAL_TIM_OC_DelayElapsedCallback          0x0800486d   Thumb Code     2  stm32f4xx_hal_tim.o(i.HAL_TIM_OC_DelayElapsedCallback)
    HAL_TIM_PWM_ConfigChannel                0x0800486f   Thumb Code   204  stm32f4xx_hal_tim.o(i.HAL_TIM_PWM_ConfigChannel)
    HAL_TIM_PWM_Init                         0x0800493b   Thumb Code    90  stm32f4xx_hal_tim.o(i.HAL_TIM_PWM_Init)
    HAL_TIM_PWM_MspInit                      0x08004995   Thumb Code     2  stm32f4xx_hal_tim.o(i.HAL_TIM_PWM_MspInit)
    HAL_TIM_PWM_PulseFinishedCallback        0x08004997   Thumb Code     2  stm32f4xx_hal_tim.o(i.HAL_TIM_PWM_PulseFinishedCallback)
    HAL_TIM_PWM_Start                        0x08004999   Thumb Code   172  stm32f4xx_hal_tim.o(i.HAL_TIM_PWM_Start)
    HAL_TIM_PeriodElapsedCallback            0x08004a61   Thumb Code    14  main.o(i.HAL_TIM_PeriodElapsedCallback)
    HAL_TIM_TriggerCallback                  0x08004a75   Thumb Code     2  stm32f4xx_hal_tim.o(i.HAL_TIM_TriggerCallback)
    HAL_UARTEx_RxEventCallback               0x08004a77   Thumb Code     2  stm32f4xx_hal_uart.o(i.HAL_UARTEx_RxEventCallback)
    HAL_UART_ErrorCallback                   0x08004a79   Thumb Code     2  stm32f4xx_hal_uart.o(i.HAL_UART_ErrorCallback)
    HAL_UART_IRQHandler                      0x08004a7d   Thumb Code   610  stm32f4xx_hal_uart.o(i.HAL_UART_IRQHandler)
    HAL_UART_Init                            0x08004ce5   Thumb Code    98  stm32f4xx_hal_uart.o(i.HAL_UART_Init)
    HAL_UART_MspInit                         0x08004d49   Thumb Code   668  usart.o(i.HAL_UART_MspInit)
    HAL_UART_RxCpltCallback                  0x08005015   Thumb Code     2  stm32f4xx_hal_uart.o(i.HAL_UART_RxCpltCallback)
    HAL_UART_Transmit                        0x08005019   Thumb Code   178  stm32f4xx_hal_uart.o(i.HAL_UART_Transmit)
    HAL_UART_TxCpltCallback                  0x080050cd   Thumb Code    14  ui_task.o(i.HAL_UART_TxCpltCallback)
    HardFault_Handler                        0x080051e1   Thumb Code     2  stm32f4xx_it.o(i.HardFault_Handler)
    IMU_QuaternionEKF_Init                   0x08005581   Thumb Code   178  quaternionekf.o(i.IMU_QuaternionEKF_Init)
    IMU_QuaternionEKF_Update                 0x08005755   Thumb Code   992  quaternionekf.o(i.IMU_QuaternionEKF_Update)
    IMU_Temperature_Ctrl                     0x08005f21   Thumb Code    72  ins_task.o(i.IMU_Temperature_Ctrl)
    INS_Init                                 0x08005f81   Thumb Code   144  ins_task.o(i.INS_Init)
    INS_Task                                 0x08006039   Thumb Code   482  ins_task.o(i.INS_Task)
    JUDGE_Receive                            0x08006241   Thumb Code   416  judge.o(i.JUDGE_Receive)
    Kalman_Filter_Init                       0x080063e5   Thumb Code   994  kalman_filter.o(i.Kalman_Filter_Init)
    Kalman_Filter_Measure                    0x080067cd   Thumb Code    66  kalman_filter.o(i.Kalman_Filter_Measure)
    Kalman_Filter_P_Update                   0x08006815   Thumb Code   106  kalman_filter.o(i.Kalman_Filter_P_Update)
    Kalman_Filter_PminusUpdate               0x0800687f   Thumb Code   108  kalman_filter.o(i.Kalman_Filter_PminusUpdate)
    Kalman_Filter_SetK                       0x080068eb   Thumb Code   204  kalman_filter.o(i.Kalman_Filter_SetK)
    Kalman_Filter_Update                     0x080069b9   Thumb Code   228  kalman_filter.o(i.Kalman_Filter_Update)
    Kalman_Filter_xhatMinusUpdate            0x08006aa1   Thumb Code   116  kalman_filter.o(i.Kalman_Filter_xhatMinusUpdate)
    Kalman_Filter_xhatUpdate                 0x08006b15   Thumb Code   132  kalman_filter.o(i.Kalman_Filter_xhatUpdate)
    MX_CAN1_Init                             0x08006b99   Thumb Code    60  can.o(i.MX_CAN1_Init)
    MX_CAN2_Init                             0x08006bdd   Thumb Code    60  can.o(i.MX_CAN2_Init)
    MX_DMA_Init                              0x08006c21   Thumb Code   168  dma.o(i.MX_DMA_Init)
    MX_FREERTOS_Init                         0x08006ccd   Thumb Code    96  freertos.o(i.MX_FREERTOS_Init)
    MX_GPIO_Init                             0x08006d35   Thumb Code   558  gpio.o(i.MX_GPIO_Init)
    MX_I2C3_Init                             0x08006f85   Thumb Code    50  i2c.o(i.MX_I2C3_Init)
    MX_SPI1_Init                             0x08006fc5   Thumb Code    64  spi.o(i.MX_SPI1_Init)
    MX_TIM10_Init                            0x0800700d   Thumb Code    94  tim.o(i.MX_TIM10_Init)
    MX_TIM1_Init                             0x08007075   Thumb Code    98  tim.o(i.MX_TIM1_Init)
    MX_TIM2_Init                             0x080070e1   Thumb Code    96  tim.o(i.MX_TIM2_Init)
    MX_TIM4_Init                             0x08007145   Thumb Code    92  tim.o(i.MX_TIM4_Init)
    MX_TIM6_Init                             0x080071a9   Thumb Code    60  tim.o(i.MX_TIM6_Init)
    MX_TIM8_Init                             0x080071ed   Thumb Code    94  tim.o(i.MX_TIM8_Init)
    MX_TIM9_Init                             0x08007255   Thumb Code    68  tim.o(i.MX_TIM9_Init)
    MX_USART1_UART_Init                      0x080072a1   Thumb Code    48  usart.o(i.MX_USART1_UART_Init)
    MX_USART3_UART_Init                      0x080072d9   Thumb Code    46  usart.o(i.MX_USART3_UART_Init)
    MX_USART6_UART_Init                      0x08007315   Thumb Code    48  usart.o(i.MX_USART6_UART_Init)
    MemManage_Handler                        0x0800734d   Thumb Code     2  stm32f4xx_it.o(i.MemManage_Handler)
    NMI_Handler                              0x0800734f   Thumb Code     2  stm32f4xx_it.o(i.NMI_Handler)
    OLS_Derivative                           0x08007351   Thumb Code   496  user_lib.o(i.OLS_Derivative)
    OLS_Init                                 0x08007545   Thumb Code    66  user_lib.o(i.OLS_Init)
    PID_Calculate                            0x08007589   Thumb Code  1100  controller.o(i.PID_Calculate)
    PID_Init                                 0x080079d5   Thumb Code   110  controller.o(i.PID_Init)
    RC_move                                  0x08007a45   Thumb Code   272  chassis_task.o(i.RC_move)
    SPI1_IRQHandler                          0x08007b59   Thumb Code     6  stm32f4xx_it.o(i.SPI1_IRQHandler)
    Shoot_task                               0x08007c85   Thumb Code    50  shoot_task.o(i.Shoot_task)
    Speedmapping                             0x08007cc9   Thumb Code   108  chassis_task.o(i.Speedmapping)
    StartINSTask                             0x08007d35   Thumb Code    16  freertos.o(i.StartINSTask)
    SysTick_Handler                          0x08007d45   Thumb Code    38  port.o(i.SysTick_Handler)
    SystemClock_Config                       0x08007d71   Thumb Code   140  main.o(i.SystemClock_Config)
    SystemInit                               0x08007e05   Thumb Code    22  system_stm32f4xx.o(i.SystemInit)
    TIM1_BRK_TIM9_IRQHandler                 0x08007e21   Thumb Code    18  stm32f4xx_it.o(i.TIM1_BRK_TIM9_IRQHandler)
    TIM1_UP_TIM10_IRQHandler                 0x08007e3d   Thumb Code    62  stm32f4xx_it.o(i.TIM1_UP_TIM10_IRQHandler)
    TIM3_IRQHandler                          0x08007e8d   Thumb Code     6  stm32f4xx_it.o(i.TIM3_IRQHandler)
    TIM6_DAC_IRQHandler                      0x08007e99   Thumb Code    14  stm32f4xx_it.o(i.TIM6_DAC_IRQHandler)
    TIM8_BRK_TIM12_IRQHandler                0x08007eb1   Thumb Code     6  stm32f4xx_it.o(i.TIM8_BRK_TIM12_IRQHandler)
    TIM8_UP_TIM13_IRQHandler                 0x08007ebd   Thumb Code     6  stm32f4xx_it.o(i.TIM8_UP_TIM13_IRQHandler)
    TIM_Base_SetConfig                       0x08007ec9   Thumb Code   156  stm32f4xx_hal_tim.o(i.TIM_Base_SetConfig)
    TIM_CCxChannelCmd                        0x08007f91   Thumb Code    26  stm32f4xx_hal_tim.o(i.TIM_CCxChannelCmd)
    TIM_ETR_SetConfig                        0x08007fab   Thumb Code    20  stm32f4xx_hal_tim.o(i.TIM_ETR_SetConfig)
    TIM_OC2_SetConfig                        0x08008031   Thumb Code    98  stm32f4xx_hal_tim.o(i.TIM_OC2_SetConfig)
    TIM_Set_PWM                              0x08008155   Thumb Code    42  bsp_pwm.o(i.TIM_Set_PWM)
    USART1_IRQHandler                        0x08008469   Thumb Code     6  stm32f4xx_it.o(i.USART1_IRQHandler)
    USART3_IRQHandler                        0x08008475   Thumb Code    18  stm32f4xx_it.o(i.USART3_IRQHandler)
    USART3_Init                              0x0800848d   Thumb Code    52  drv_usart.o(i.USART3_Init)
    USART3_rxDataHandler                     0x080084c9   Thumb Code     2  rc_potocal.o(i.USART3_rxDataHandler)
    USART6_IRQHandler                        0x080084cd   Thumb Code    18  stm32f4xx_it.o(i.USART6_IRQHandler)
    USART6_Init                              0x080084e5   Thumb Code    52  drv_usart.o(i.USART6_Init)
    Update_data                              0x08008521   Thumb Code    52  judge.o(i.Update_data)
    UsageFault_Handler                       0x0800855d   Thumb Code     2  stm32f4xx_it.o(i.UsageFault_Handler)
    Verify_CRC16_Check_Sum                   0x08008561   Thumb Code    54  crc.o(i.Verify_CRC16_Check_Sum)
    Verify_CRC8_Check_Sum                    0x0800859d   Thumb Code    38  crc.o(i.Verify_CRC8_Check_Sum)
    __0printf                                0x0800860d   Thumb Code    22  printfa.o(i.__0printf)
    __1printf                                0x0800860d   Thumb Code     0  printfa.o(i.__0printf)
    __2printf                                0x0800860d   Thumb Code     0  printfa.o(i.__0printf)
    __c89printf                              0x0800860d   Thumb Code     0  printfa.o(i.__0printf)
    printf                                   0x0800860d   Thumb Code     0  printfa.o(i.__0printf)
    __ARM_fpclassify                         0x0800862d   Thumb Code    48  fpclassify.o(i.__ARM_fpclassify)
    __ARM_fpclassifyf                        0x0800865d   Thumb Code    38  fpclassifyf.o(i.__ARM_fpclassifyf)
    __hardfp_acosf                           0x080086a5   Thumb Code   234  acosf.o(i.__hardfp_acosf)
    __hardfp_asinf                           0x080087bd   Thumb Code   258  asinf.o(i.__hardfp_asinf)
    __hardfp_atan2f                          0x080088e9   Thumb Code   594  atan2f.o(i.__hardfp_atan2f)
    __hardfp_cos                             0x08008b99   Thumb Code   180  cos.o(i.__hardfp_cos)
    __hardfp_sin                             0x08008c61   Thumb Code   180  sin.o(i.__hardfp_sin)
    __hardfp_sqrtf                           0x08008d29   Thumb Code    58  sqrtf_full.o(i.__hardfp_sqrtf)
    __ieee754_rem_pio2                       0x08008d69   Thumb Code   938  rred.o(i.__ieee754_rem_pio2)
    __kernel_cos                             0x080091a1   Thumb Code   322  cos_i.o(i.__kernel_cos)
    __kernel_poly                            0x08009311   Thumb Code   248  poly.o(i.__kernel_poly)
    __kernel_sin                             0x08009409   Thumb Code   280  sin_i.o(i.__kernel_sin)
    __mathlib_dbl_infnan                     0x08009539   Thumb Code    20  dunder.o(i.__mathlib_dbl_infnan)
    __mathlib_dbl_invalid                    0x08009551   Thumb Code    24  dunder.o(i.__mathlib_dbl_invalid)
    __mathlib_dbl_underflow                  0x08009571   Thumb Code    24  dunder.o(i.__mathlib_dbl_underflow)
    __mathlib_flt_infnan                     0x08009591   Thumb Code     6  funder.o(i.__mathlib_flt_infnan)
    __mathlib_flt_infnan2                    0x08009597   Thumb Code     6  funder.o(i.__mathlib_flt_infnan2)
    __mathlib_flt_invalid                    0x0800959d   Thumb Code    10  funder.o(i.__mathlib_flt_invalid)
    __mathlib_flt_underflow                  0x080095ad   Thumb Code    10  funder.o(i.__mathlib_flt_underflow)
    __scatterload_copy                       0x080095bd   Thumb Code    14  handlers.o(i.__scatterload_copy)
    __scatterload_null                       0x080095cb   Thumb Code     2  handlers.o(i.__scatterload_null)
    __scatterload_zeroinit                   0x080095cd   Thumb Code    14  handlers.o(i.__scatterload_zeroinit)
    __set_errno                              0x080095dd   Thumb Code     6  errno.o(i.__set_errno)
    angle_over_zero                          0x08009e75   Thumb Code    94  gimbal_task.o(i.angle_over_zero)
    bmi088_accel_init                        0x08009eed   Thumb Code   292  bmi088driver.o(i.bmi088_accel_init)
    bmi088_gyro_init                         0x0800a015   Thumb Code   246  bmi088driver.o(i.bmi088_gyro_init)
    can_remote                               0x0800a111   Thumb Code    32  drv_can.o(i.can_remote)
    chassis_current_give                     0x0800a135   Thumb Code   106  chassis_task.o(i.chassis_current_give)
    fabs                                     0x0800a4c1   Thumb Code    24  fabs.o(i.fabs)
    float_constrain                          0x0800a4d9   Thumb Code    32  user_lib.o(i.float_constrain)
    float_rounding                           0x0800a4f9   Thumb Code    34  user_lib.o(i.float_rounding)
    fputc                                    0x0800a51d   Thumb Code    20  usart.o(i.fputc)
    gimbal_can1_cmd                          0x0800a535   Thumb Code    56  gimbal_task.o(i.gimbal_can1_cmd)
    main                                     0x0800a59d   Thumb Code   146  main.o(i.main)
    malloc                                   0x0800a64d   Thumb Code    92  malloc.o(i.malloc)
    osDelay                                  0x0800a6b9   Thumb Code    14  cmsis_os.o(i.osDelay)
    osKernelStart                            0x0800a6c7   Thumb Code    10  cmsis_os.o(i.osKernelStart)
    osThreadCreate                           0x0800a6d1   Thumb Code    84  cmsis_os.o(i.osThreadCreate)
    pid_calc                                 0x0800a725   Thumb Code   156  pid.o(i.pid_calc)
    pid_init                                 0x0800a7c1   Thumb Code    34  pid.o(i.pid_init)
    pvPortMalloc                             0x0800af8d   Thumb Code   216  heap_4.o(i.pvPortMalloc)
    pxPortInitialiseStack                    0x0800b069   Thumb Code    40  port.o(i.pxPortInitialiseStack)
    remote_gimbal_control                    0x0800b095   Thumb Code   372  gimbal_task.o(i.remote_gimbal_control)
    set_motor_current_can2                   0x0800b22d   Thumb Code    76  drv_can.o(i.set_motor_current_can2)
    shoot_current_give                       0x0800b27d   Thumb Code    50  shoot_task.o(i.shoot_current_give)
    shoot_loop_init                          0x0800b2b9   Thumb Code    42  shoot_task.o(i.shoot_loop_init)
    sqrtf                                    0x0800b2f5   Thumb Code    62  sqrtf_full.o(i.sqrtf)
    trigger_can1_cmd                         0x0800b335   Thumb Code    56  shoot_task.o(i.trigger_can1_cmd)
    uxListRemove                             0x0800b40d   Thumb Code    38  list.o(i.uxListRemove)
    vApplicationGetIdleTaskMemory            0x0800b435   Thumb Code    16  freertos.o(i.vApplicationGetIdleTaskMemory)
    vApplicationGetTimerTaskMemory           0x0800b449   Thumb Code    18  freertos.o(i.vApplicationGetTimerTaskMemory)
    vListInitialise                          0x0800b461   Thumb Code    22  list.o(i.vListInitialise)
    vListInitialiseItem                      0x0800b477   Thumb Code     6  list.o(i.vListInitialiseItem)
    vListInsert                              0x0800b47d   Thumb Code    48  list.o(i.vListInsert)
    vListInsertEnd                           0x0800b4ad   Thumb Code    24  list.o(i.vListInsertEnd)
    vPortEnterCritical                       0x0800b4c5   Thumb Code    54  port.o(i.vPortEnterCritical)
    vPortExitCritical                        0x0800b505   Thumb Code    34  port.o(i.vPortExitCritical)
    vPortFree                                0x0800b52d   Thumb Code    94  heap_4.o(i.vPortFree)
    vPortSetupTimerInterrupt                 0x0800b591   Thumb Code    32  port.o(i.vPortSetupTimerInterrupt)
    vPortValidateInterruptPriority           0x0800b5b5   Thumb Code    74  port.o(i.vPortValidateInterruptPriority)
    vQueueAddToRegistry                      0x0800b609   Thumb Code    34  queue.o(i.vQueueAddToRegistry)
    vQueueWaitForMessageRestricted           0x0800b631   Thumb Code    68  queue.o(i.vQueueWaitForMessageRestricted)
    vTaskDelay                               0x0800b675   Thumb Code    66  tasks.o(i.vTaskDelay)
    vTaskInternalSetTimeOutState             0x0800b6c1   Thumb Code    12  tasks.o(i.vTaskInternalSetTimeOutState)
    vTaskMissedYield                         0x0800b6d1   Thumb Code     8  tasks.o(i.vTaskMissedYield)
    vTaskPlaceOnEventList                    0x0800b6dd   Thumb Code    44  tasks.o(i.vTaskPlaceOnEventList)
    vTaskPlaceOnEventListRestricted          0x0800b70d   Thumb Code    52  tasks.o(i.vTaskPlaceOnEventListRestricted)
    vTaskStartScheduler                      0x0800b745   Thumb Code   118  tasks.o(i.vTaskStartScheduler)
    vTaskSuspendAll                          0x0800b7cd   Thumb Code    10  tasks.o(i.vTaskSuspendAll)
    vTaskSwitchContext                       0x0800b7dd   Thumb Code    82  tasks.o(i.vTaskSwitchContext)
    xPortStartScheduler                      0x0800b839   Thumb Code   222  port.o(i.xPortStartScheduler)
    xQueueGenericCreateStatic                0x0800b92d   Thumb Code   102  queue.o(i.xQueueGenericCreateStatic)
    xQueueGenericReset                       0x0800b995   Thumb Code   132  queue.o(i.xQueueGenericReset)
    xQueueGenericSend                        0x0800ba1d   Thumb Code   346  queue.o(i.xQueueGenericSend)
    xQueueGenericSendFromISR                 0x0800bb7d   Thumb Code   190  queue.o(i.xQueueGenericSendFromISR)
    xQueueReceive                            0x0800bc3d   Thumb Code   308  queue.o(i.xQueueReceive)
    xTaskCheckForTimeOut                     0x0800bd75   Thumb Code   132  tasks.o(i.xTaskCheckForTimeOut)
    xTaskCreate                              0x0800bdfd   Thumb Code    90  tasks.o(i.xTaskCreate)
    xTaskCreateStatic                        0x0800be57   Thumb Code    86  tasks.o(i.xTaskCreateStatic)
    xTaskGetSchedulerState                   0x0800bead   Thumb Code    22  tasks.o(i.xTaskGetSchedulerState)
    xTaskGetTickCount                        0x0800bec9   Thumb Code     6  tasks.o(i.xTaskGetTickCount)
    xTaskIncrementTick                       0x0800bed5   Thumb Code   194  tasks.o(i.xTaskIncrementTick)
    xTaskPriorityDisinherit                  0x0800bfa1   Thumb Code   144  tasks.o(i.xTaskPriorityDisinherit)
    xTaskRemoveFromEventList                 0x0800c039   Thumb Code   108  tasks.o(i.xTaskRemoveFromEventList)
    xTaskResumeAll                           0x0800c0ad   Thumb Code   182  tasks.o(i.xTaskResumeAll)
    xTimerCreateTimerTask                    0x0800c171   Thumb Code    78  timers.o(i.xTimerCreateTimerTask)
    xTimerGenericCommand                     0x0800c1d1   Thumb Code    98  timers.o(i.xTimerGenericCommand)
    AHBPrescTable                            0x0800c2a8   Data          16  system_stm32f4xx.o(.constdata)
    APBPrescTable                            0x0800c2b8   Data           8  system_stm32f4xx.o(.constdata)
    xb                                       0x0800c2c0   Data          12  ins_task.o(.constdata)
    yb                                       0x0800c2cc   Data          12  ins_task.o(.constdata)
    zb                                       0x0800c2d8   Data          12  ins_task.o(.constdata)
    IMU_QuaternionEKF_F                      0x0800c2f0   Data         144  quaternionekf.o(.constdata)
    CRC8_TAB                                 0x0800c380   Data         256  crc.o(.constdata)
    wCRC_Table                               0x0800c480   Data         512  crc.o(.constdata)
    sinTable_f32                             0x0800c688   Data        2052  arm_common_tables.o(.constdata)
    Region$$Table$$Base                      0x0800cfdc   Number         0  anon$$obj.o(Region$$Table)
    Region$$Table$$Limit                     0x0800cffc   Number         0  anon$$obj.o(Region$$Table)
    INSTaskHandle                            0x20000000   Data           4  freertos.o(.data)
    ChassisTaskHandle                        0x20000004   Data           4  freertos.o(.data)
    GimbalTaskHandle                         0x20000008   Data           4  freertos.o(.data)
    ShootTaskHandle                          0x2000000c   Data           4  freertos.o(.data)
    TIM1_flag                                0x20000014   Data           1  stm32f4xx_it.o(.data)
    TIM1_Count                               0x20000016   Data           2  stm32f4xx_it.o(.data)
    flag                                     0x20000018   Data           4  stm32f4xx_it.o(.data)
    a                                        0x2000001c   Data           4  stm32f4xx_it.o(.data)
    b                                        0x20000020   Data           4  stm32f4xx_it.o(.data)
    speed                                    0x20000024   Data           4  stm32f4xx_it.o(.data)
    SystemCoreClock                          0x20000028   Data           4  system_stm32f4xx.o(.data)
    INS_DWT_Count                            0x2000002c   Data           4  ins_task.o(.data)
    RefTemp                                  0x20000038   Data           4  ins_task.o(.data)
    temp_imu_angle                           0x20000070   Data           8  ins_task.o(.data)
    SysTime                                  0x200000a8   Data           8  bsp_dwt.o(.data)
    CYCCNT64                                 0x200000b0   Data           8  bsp_dwt.o(.data)
    caliOffset                               0x200000bb   Data           1  bmi088driver.o(.data)
    caliCount                                0x200000bc   Data           2  bmi088driver.o(.data)
    BMI088_ACCEL_SEN                         0x200000c4   Data           4  bmi088driver.o(.data)
    BMI088_GYRO_SEN                          0x200000c8   Data           4  bmi088driver.o(.data)
    gNormDiff                                0x200000d0   Data           4  bmi088driver.o(.data)
    BMI088_SPI                               0x20000100   Data           4  bmi088middleware.o(.data)
    sizeof_float                             0x20000104   Data           2  kalman_filter.o(.data)
    sizeof_double                            0x20000106   Data           2  kalman_filter.o(.data)
    IMU_QuaternionEKF_P                      0x20000160   Data         144  quaternionekf.o(.data)
    Vx                                       0x200001f0   Data           2  chassis_task.o(.data)
    Vy                                       0x200001f2   Data           2  chassis_task.o(.data)
    Wz                                       0x200001f4   Data           2  chassis_task.o(.data)
    chassis_speed_max                        0x200001f6   Data           2  chassis_task.o(.data)
    error10                                  0x200001f8   Data           4  chassis_task.o(.data)
    rx                                       0x20000200   Data           8  chassis_task.o(.data)
    ry                                       0x20000208   Data           8  chassis_task.o(.data)
    motor_speed_target                       0x20000210   Data           8  chassis_task.o(.data)
    chassis_motor_pid                        0x20000218   Data          12  chassis_task.o(.data)
    referee_tx_fifo                          0x20000224   Data           1  ui_task.o(.data)
    UI_Seq                                   0x20000226   Data           1  ui_task.o(.data)
    gimbal_angle_out                         0x20000228   Data           4  gimbal_task.o(.data)
    gimbal_speed_out                         0x2000022c   Data           4  gimbal_task.o(.data)
    gimbal_mode                              0x20000230   Data           4  gimbal_task.o(.data)
    error6                                   0x20000234   Data           4  gimbal_task.o(.data)
    ins_yaw_update                           0x20000238   Data           4  gimbal_task.o(.data)
    Update_yaw_flag                          0x2000023c   Data           4  gimbal_task.o(.data)
    err_yaw_range                            0x20000240   Data           4  gimbal_task.o(.data)
    err_yaw_angle                            0x20000244   Data           4  gimbal_task.o(.data)
    ins_yaw                                  0x20000248   Data           4  gimbal_task.o(.data)
    ins_pitch                                0x2000024c   Data           4  gimbal_task.o(.data)
    ins_roll                                 0x20000250   Data           4  gimbal_task.o(.data)
    init_yaw                                 0x20000254   Data           4  gimbal_task.o(.data)
    CRC_INIT                                 0x20000258   Data           2  crc.o(.data)
    error9                                   0x2000025c   Data           4  drv_can.o(.data)
    judge_receive_length                     0x20000260   Data           1  drv_usart.o(.data)
    Hero_level                               0x20000264   Data           1  judge.o(.data)
    Hero_id                                  0x20000265   Data           1  judge.o(.data)
    Hero_42mm_speed_limit                    0x20000266   Data           2  judge.o(.data)
    Hero_chassis_power_limit                 0x20000268   Data           2  judge.o(.data)
    newpower                                 0x2000026c   Data           4  judge.o(.data)
    Hero_42mm_speed                          0x20000270   Data           4  judge.o(.data)
    uwTickFreq                               0x20000274   Data           1  stm32f4xx_hal.o(.data)
    uwTickPrio                               0x20000278   Data           4  stm32f4xx_hal.o(.data)
    uwTick                                   0x2000027c   Data           4  stm32f4xx_hal.o(.data)
    pxCurrentTCB                             0x20000280   Data           4  tasks.o(.data)
    __stdout                                 0x200002fc   Data           4  stdout.o(.data)
    __microlib_freelist                      0x20000300   Data           4  mvars.o(.data)
    __microlib_freelist_initialised          0x20000304   Data           4  mvars.o(.data)
    hcan1                                    0x200009b4   Data          40  can.o(.bss)
    hcan2                                    0x200009dc   Data          40  can.o(.bss)
    hi2c3                                    0x20000a04   Data          84  i2c.o(.bss)
    hspi1                                    0x20000a58   Data          88  spi.o(.bss)
    hdma_spi1_rx                             0x20000ab0   Data          96  spi.o(.bss)
    hdma_spi1_tx                             0x20000b10   Data          96  spi.o(.bss)
    htim1                                    0x20000b70   Data          72  tim.o(.bss)
    htim2                                    0x20000bb8   Data          72  tim.o(.bss)
    htim4                                    0x20000c00   Data          72  tim.o(.bss)
    htim6                                    0x20000c48   Data          72  tim.o(.bss)
    htim8                                    0x20000c90   Data          72  tim.o(.bss)
    htim9                                    0x20000cd8   Data          72  tim.o(.bss)
    htim10                                   0x20000d20   Data          72  tim.o(.bss)
    huart1                                   0x20000d68   Data          68  usart.o(.bss)
    huart3                                   0x20000dac   Data          68  usart.o(.bss)
    huart6                                   0x20000df0   Data          68  usart.o(.bss)
    hdma_usart1_rx                           0x20000e34   Data          96  usart.o(.bss)
    hdma_usart1_tx                           0x20000e94   Data          96  usart.o(.bss)
    hdma_usart3_rx                           0x20000ef4   Data          96  usart.o(.bss)
    hdma_usart3_tx                           0x20000f54   Data          96  usart.o(.bss)
    hdma_usart6_rx                           0x20000fb4   Data          96  usart.o(.bss)
    hdma_usart6_tx                           0x20001014   Data          96  usart.o(.bss)
    htim3                                    0x20001074   Data          72  stm32f4xx_hal_timebase_tim.o(.bss)
    TempCtrl                                 0x200010bc   Data         170  ins_task.o(.bss)
    INS                                      0x20001168   Data         128  ins_task.o(.bss)
    IMU_Param                                0x200011e8   Data          28  ins_task.o(.bss)
    gyroDiff                                 0x20001204   Data          12  bmi088driver.o(.bss)
    BMI088                                   0x20001210   Data          52  bmi088driver.o(.bss)
    QEKF_INS                                 0x20001248   Data         480  quaternionekf.o(.bss)
    IMU_QuaternionEKF_K                      0x20001428   Data          72  quaternionekf.o(.bss)
    IMU_QuaternionEKF_H                      0x20001470   Data          72  quaternionekf.o(.bss)
    motor_pid_chassis                        0x200014b8   Data         208  chassis_task.o(.bss)
    motor_can1                               0x20001588   Data          72  chassis_task.o(.bss)
    gimbal_encoder                           0x200015d0   Data         152  gimbal_task.o(.bss)
    gimbal_gyro                              0x20001668   Data         152  gimbal_task.o(.bss)
    trigger                                  0x20001700   Data          68  shoot_task.o(.bss)
    INS_top                                  0x20001744   Data         128  drv_can.o(.bss)
    powerdata                                0x200017c4   Data          16  drv_can.o(.bss)
    judge_dma_buffer                         0x200017d4   Data         400  drv_usart.o(.bss)
    usart3_dma_rxbuf                         0x20001964   Data          48  drv_usart.o(.bss)
    Judge_Hero                               0x20001994   Data         186  judge.o(.bss)
    powerd                                   0x20001a4e   Data          16  judge.o(.bss)
    rc_ctrl                                  0x20001a5e   Data          22  rc_potocal.o(.bss)
    xQueueRegistry                           0x20001a74   Data          64  queue.o(.bss)
    __heap_base                              0x20007cb8   Data           0  startup_stm32f407xx.o(HEAP)
    __heap_limit                             0x20009cb8   Data           0  startup_stm32f407xx.o(HEAP)
    __initial_sp                             0x2000bcb8   Data           0  startup_stm32f407xx.o(STACK)



==============================================================================

Memory Map of the image

  Image Entry point : 0x08000189

  Load Region LR_IROM1 (Base: 0x08000000, Size: 0x0000d308, Max: 0x00100000, ABSOLUTE, COMPRESSED[0x0000d080])

    Execution Region ER_IROM1 (Exec base: 0x08000000, Load base: 0x08000000, Size: 0x0000cffc, Max: 0x00100000, ABSOLUTE)

    Exec Addr    Load Addr    Size         Type   Attr      Idx    E Section Name        Object

    0x08000000   0x08000000   0x00000188   Data   RO            3    RESET               startup_stm32f407xx.o
    0x08000188   0x08000188   0x00000000   Code   RO         8321  * .ARM.Collect$$$$00000000  mc_w.l(entry.o)
    0x08000188   0x08000188   0x00000004   Code   RO         8685    .ARM.Collect$$$$00000001  mc_w.l(entry2.o)
    0x0800018c   0x0800018c   0x00000004   Code   RO         8688    .ARM.Collect$$$$00000004  mc_w.l(entry5.o)
    0x08000190   0x08000190   0x00000000   Code   RO         8690    .ARM.Collect$$$$00000008  mc_w.l(entry7b.o)
    0x08000190   0x08000190   0x00000000   Code   RO         8692    .ARM.Collect$$$$0000000A  mc_w.l(entry8b.o)
    0x08000190   0x08000190   0x00000008   Code   RO         8693    .ARM.Collect$$$$0000000B  mc_w.l(entry9a.o)
    0x08000198   0x08000198   0x00000004   Code   RO         8700    .ARM.Collect$$$$0000000E  mc_w.l(entry12b.o)
    0x0800019c   0x0800019c   0x00000000   Code   RO         8695    .ARM.Collect$$$$0000000F  mc_w.l(entry10a.o)
    0x0800019c   0x0800019c   0x00000000   Code   RO         8697    .ARM.Collect$$$$00000011  mc_w.l(entry11a.o)
    0x0800019c   0x0800019c   0x00000004   Code   RO         8686    .ARM.Collect$$$$00002712  mc_w.l(entry2.o)
    0x080001a0   0x080001a0   0x000000be   Code   RO         7860    .emb_text           port.o
    0x0800025e   0x0800025e   0x00000002   PAD
    0x08000260   0x08000260   0x00000024   Code   RO            4    .text               startup_stm32f407xx.o
    0x08000284   0x08000284   0x00000078   Code   RO         7940    .text               arm_cortexM4lf_math.lib(arm_cos_f32.o)
    0x080002fc   0x080002fc   0x00000094   Code   RO         7990    .text               arm_cortexM4lf_math.lib(arm_sin_f32.o)
    0x08000390   0x08000390   0x00000108   Code   RO         8014    .text               arm_cortexM4lf_math.lib(arm_mat_add_f32.o)
    0x08000498   0x08000498   0x00000008   Code   RO         8038    .text               arm_cortexM4lf_math.lib(arm_mat_init_f32.o)
    0x080004a0   0x080004a0   0x00000530   Code   RO         8062    .text               arm_cortexM4lf_math.lib(arm_mat_inverse_f32.o)
    0x080009d0   0x080009d0   0x0000013c   Code   RO         8086    .text               arm_cortexM4lf_math.lib(arm_mat_mult_f32.o)
    0x08000b0c   0x08000b0c   0x00000108   Code   RO         8110    .text               arm_cortexM4lf_math.lib(arm_mat_sub_f32.o)
    0x08000c14   0x08000c14   0x00000114   Code   RO         8134    .text               arm_cortexM4lf_math.lib(arm_mat_trans_f32.o)
    0x08000d28   0x08000d28   0x00000062   Code   RO         8324    .text               mc_w.l(uldiv.o)
    0x08000d8a   0x08000d8a   0x00000024   Code   RO         8326    .text               mc_w.l(memcpya.o)
    0x08000dae   0x08000dae   0x00000024   Code   RO         8330    .text               mc_w.l(memseta.o)
    0x08000dd2   0x08000dd2   0x0000014e   Code   RO         8625    .text               mf_w.l(dadd.o)
    0x08000f20   0x08000f20   0x000000e4   Code   RO         8627    .text               mf_w.l(dmul.o)
    0x08001004   0x08001004   0x000000de   Code   RO         8629    .text               mf_w.l(ddiv.o)
    0x080010e2   0x080010e2   0x00000022   Code   RO         8631    .text               mf_w.l(dflti.o)
    0x08001104   0x08001104   0x0000001a   Code   RO         8633    .text               mf_w.l(dfltui.o)
    0x0800111e   0x0800111e   0x0000003e   Code   RO         8635    .text               mf_w.l(dfixi.o)
    0x0800115c   0x0800115c   0x00000026   Code   RO         8637    .text               mf_w.l(f2d.o)
    0x08001182   0x08001182   0x00000038   Code   RO         8639    .text               mf_w.l(d2f.o)
    0x080011ba   0x080011ba   0x0000002c   Code   RO         8702    .text               mc_w.l(uidiv.o)
    0x080011e6   0x080011e6   0x0000001e   Code   RO         8704    .text               mc_w.l(llshl.o)
    0x08001204   0x08001204   0x00000020   Code   RO         8706    .text               mc_w.l(llushr.o)
    0x08001224   0x08001224   0x00000024   Code   RO         8708    .text               mc_w.l(llsshr.o)
    0x08001248   0x08001248   0x00000000   Code   RO         8719    .text               mc_w.l(iusefp.o)
    0x08001248   0x08001248   0x0000006e   Code   RO         8720    .text               mf_w.l(fepilogue.o)
    0x080012b6   0x080012b6   0x000000ba   Code   RO         8722    .text               mf_w.l(depilogue.o)
    0x08001370   0x08001370   0x00000030   Code   RO         8728    .text               mf_w.l(dfixul.o)
    0x080013a0   0x080013a0   0x00000030   Code   RO         8732    .text               mf_w.l(cdrcmple.o)
    0x080013d0   0x080013d0   0x00000024   Code   RO         8744    .text               mc_w.l(init.o)
    0x080013f4   0x080013f4   0x00000056   Code   RO         8754    .text               mc_w.l(__dczerorl2.o)
    0x0800144a   0x0800144a   0x00000002   PAD
    0x0800144c   0x0800144c   0x00000010   Code   RO         1473    i.BMI088_ACCEL_NS_H  bmi088middleware.o
    0x0800145c   0x0800145c   0x00000010   Code   RO         1474    i.BMI088_ACCEL_NS_L  bmi088middleware.o
    0x0800146c   0x0800146c   0x00000010   Code   RO         1475    i.BMI088_GYRO_NS_H  bmi088middleware.o
    0x0800147c   0x0800147c   0x00000010   Code   RO         1476    i.BMI088_GYRO_NS_L  bmi088middleware.o
    0x0800148c   0x0800148c   0x000001ac   Code   RO         1388    i.BMI088_Read       bmi088driver.o
    0x08001638   0x08001638   0x00000080   Code   RO         1389    i.BMI088_init       bmi088driver.o
    0x080016b8   0x080016b8   0x00000024   Code   RO         1390    i.BMI088_read_muli_reg  bmi088driver.o
    0x080016dc   0x080016dc   0x00000016   Code   RO         1391    i.BMI088_read_single_reg  bmi088driver.o
    0x080016f2   0x080016f2   0x00000002   PAD
    0x080016f4   0x080016f4   0x00000024   Code   RO         1477    i.BMI088_read_write_byte  bmi088middleware.o
    0x08001718   0x08001718   0x00000012   Code   RO         1392    i.BMI088_write_single_reg  bmi088driver.o
    0x0800172a   0x0800172a   0x000000ea   Code   RO         1170    i.BodyFrameToEarthFrame  ins_task.o
    0x08001814   0x08001814   0x00000002   Code   RO          858    i.BusFault_Handler  stm32f4xx_it.o
    0x08001816   0x08001816   0x00000002   PAD
    0x08001818   0x08001818   0x0000003c   Code   RO         2744    i.CAN1_Init         drv_can.o
    0x08001854   0x08001854   0x0000000c   Code   RO          859    i.CAN1_RX0_IRQHandler  stm32f4xx_it.o
    0x08001860   0x08001860   0x0000000c   Code   RO          860    i.CAN1_TX_IRQHandler  stm32f4xx_it.o
    0x0800186c   0x0800186c   0x0000003c   Code   RO         2745    i.CAN2_Init         drv_can.o
    0x080018a8   0x080018a8   0x0000000c   Code   RO          861    i.CAN2_RX0_IRQHandler  stm32f4xx_it.o
    0x080018b4   0x080018b4   0x0000000c   Code   RO          862    i.CAN2_TX_IRQHandler  stm32f4xx_it.o
    0x080018c0   0x080018c0   0x00000154   Code   RO         1979    i.Calculate_speed   chassis_task.o
    0x08001a14   0x08001a14   0x00000404   Code   RO         1393    i.Calibrate_MPU_Offset  bmi088driver.o
    0x08001e18   0x08001e18   0x00000064   Code   RO         1980    i.Chassis_task      chassis_task.o
    0x08001e7c   0x08001e7c   0x0000000c   Code   RO          863    i.DMA1_Stream1_IRQHandler  stm32f4xx_it.o
    0x08001e88   0x08001e88   0x0000000c   Code   RO          864    i.DMA1_Stream3_IRQHandler  stm32f4xx_it.o
    0x08001e94   0x08001e94   0x0000000c   Code   RO          865    i.DMA2_Stream0_IRQHandler  stm32f4xx_it.o
    0x08001ea0   0x08001ea0   0x0000000c   Code   RO          866    i.DMA2_Stream1_IRQHandler  stm32f4xx_it.o
    0x08001eac   0x08001eac   0x0000000c   Code   RO          867    i.DMA2_Stream6_IRQHandler  stm32f4xx_it.o
    0x08001eb8   0x08001eb8   0x0000000c   Code   RO          868    i.DMA2_Stream7_IRQHandler  stm32f4xx_it.o
    0x08001ec4   0x08001ec4   0x00000244   Code   RO         2818    i.DMAEx_MultiBufferStart_NoIT  drv_usart.o
    0x08002108   0x08002108   0x00000028   Code   RO         3675    i.DMA_CalcBaseAndBitshift  stm32f4xx_hal_dma.o
    0x08002130   0x08002130   0x00000054   Code   RO         3676    i.DMA_CheckFifoParam  stm32f4xx_hal_dma.o
    0x08002184   0x08002184   0x00000014   Code   RO         2819    i.DRV_USART3_IRQHandler  drv_usart.o
    0x08002198   0x08002198   0x00000014   Code   RO         2820    i.DRV_USART6_IRQHandler  drv_usart.o
    0x080021ac   0x080021ac   0x00000028   Code   RO         1279    i.DWT_CNT_Update    bsp_dwt.o
    0x080021d4   0x080021d4   0x00000034   Code   RO         1280    i.DWT_Delay         bsp_dwt.o
    0x08002208   0x08002208   0x00000044   Code   RO         1281    i.DWT_GetDeltaT     bsp_dwt.o
    0x0800224c   0x0800224c   0x00000044   Code   RO         1284    i.DWT_GetTimeline_s  bsp_dwt.o
    0x08002290   0x08002290   0x00000048   Code   RO         1286    i.DWT_Init          bsp_dwt.o
    0x080022d8   0x080022d8   0x00000094   Code   RO         1287    i.DWT_SysTimeUpdate  bsp_dwt.o
    0x0800236c   0x0800236c   0x00000002   Code   RO          869    i.DebugMon_Handler  stm32f4xx_it.o
    0x0800236e   0x0800236e   0x00000002   PAD
    0x08002370   0x08002370   0x00000068   Code   RO          870    i.EXTI15_10_IRQHandler  stm32f4xx_it.o
    0x080023d8   0x080023d8   0x00000024   Code   RO          871    i.EXTI2_IRQHandler  stm32f4xx_it.o
    0x080023fc   0x080023fc   0x00000006   Code   RO          872    i.EXTI3_IRQHandler  stm32f4xx_it.o
    0x08002402   0x08002402   0x00000006   Code   RO          873    i.EXTI4_IRQHandler  stm32f4xx_it.o
    0x08002408   0x08002408   0x00000022   Code   RO          874    i.EXTI9_5_IRQHandler  stm32f4xx_it.o
    0x0800242a   0x0800242a   0x000000ea   Code   RO         1171    i.EarthFrameToBodyFrame  ins_task.o
    0x08002514   0x08002514   0x00000004   Code   RO           13    i.Error_Handler     main.o
    0x08002518   0x08002518   0x0000002c   Code   RO         2649    i.Get_CRC16_Check_Sum  crc.o
    0x08002544   0x08002544   0x0000001c   Code   RO         2650    i.Get_CRC8_Check_Sum  crc.o
    0x08002560   0x08002560   0x000000dc   Code   RO         2509    i.Gimbal_loop_init  gimbal_task.o
    0x0800263c   0x0800263c   0x00000020   Code   RO         2510    i.Gimbal_task       gimbal_task.o
    0x0800265c   0x0800265c   0x00000024   Code   RO         2983    i.HAL_CAN_ActivateNotification  stm32f4xx_hal_can.o
    0x08002680   0x08002680   0x000000dc   Code   RO         2984    i.HAL_CAN_AddTxMessage  stm32f4xx_hal_can.o
    0x0800275c   0x0800275c   0x0000010c   Code   RO         2985    i.HAL_CAN_ConfigFilter  stm32f4xx_hal_can.o
    0x08002868   0x08002868   0x00000002   Code   RO         2988    i.HAL_CAN_ErrorCallback  stm32f4xx_hal_can.o
    0x0800286a   0x0800286a   0x000000e8   Code   RO         2991    i.HAL_CAN_GetRxMessage  stm32f4xx_hal_can.o
    0x08002952   0x08002952   0x000001fc   Code   RO         2995    i.HAL_CAN_IRQHandler  stm32f4xx_hal_can.o
    0x08002b4e   0x08002b4e   0x0000011a   Code   RO         2996    i.HAL_CAN_Init      stm32f4xx_hal_can.o
    0x08002c68   0x08002c68   0x0000011c   Code   RO          539    i.HAL_CAN_MspInit   can.o
    0x08002d84   0x08002d84   0x00000002   Code   RO         3003    i.HAL_CAN_RxFifo0FullCallback  stm32f4xx_hal_can.o
    0x08002d86   0x08002d86   0x00000002   PAD
    0x08002d88   0x08002d88   0x000001f8   Code   RO         2746    i.HAL_CAN_RxFifo0MsgPendingCallback  drv_can.o
    0x08002f80   0x08002f80   0x00000002   Code   RO         3005    i.HAL_CAN_RxFifo1FullCallback  stm32f4xx_hal_can.o
    0x08002f82   0x08002f82   0x00000002   Code   RO         3006    i.HAL_CAN_RxFifo1MsgPendingCallback  stm32f4xx_hal_can.o
    0x08002f84   0x08002f84   0x00000002   Code   RO         3007    i.HAL_CAN_SleepCallback  stm32f4xx_hal_can.o
    0x08002f86   0x08002f86   0x00000002   PAD
    0x08002f88   0x08002f88   0x00000058   Code   RO         3008    i.HAL_CAN_Start     stm32f4xx_hal_can.o
    0x08002fe0   0x08002fe0   0x00000002   Code   RO         3010    i.HAL_CAN_TxMailbox0AbortCallback  stm32f4xx_hal_can.o
    0x08002fe2   0x08002fe2   0x00000002   Code   RO         3011    i.HAL_CAN_TxMailbox0CompleteCallback  stm32f4xx_hal_can.o
    0x08002fe4   0x08002fe4   0x00000002   Code   RO         3012    i.HAL_CAN_TxMailbox1AbortCallback  stm32f4xx_hal_can.o
    0x08002fe6   0x08002fe6   0x00000002   Code   RO         3013    i.HAL_CAN_TxMailbox1CompleteCallback  stm32f4xx_hal_can.o
    0x08002fe8   0x08002fe8   0x00000002   Code   RO         3014    i.HAL_CAN_TxMailbox2AbortCallback  stm32f4xx_hal_can.o
    0x08002fea   0x08002fea   0x00000002   Code   RO         3015    i.HAL_CAN_TxMailbox2CompleteCallback  stm32f4xx_hal_can.o
    0x08002fec   0x08002fec   0x00000002   Code   RO         3017    i.HAL_CAN_WakeUpFromRxMsgCallback  stm32f4xx_hal_can.o
    0x08002fee   0x08002fee   0x00000092   Code   RO         3678    i.HAL_DMA_Abort     stm32f4xx_hal_dma.o
    0x08003080   0x08003080   0x00000024   Code   RO         3679    i.HAL_DMA_Abort_IT  stm32f4xx_hal_dma.o
    0x080030a4   0x080030a4   0x000001a0   Code   RO         3683    i.HAL_DMA_IRQHandler  stm32f4xx_hal_dma.o
    0x08003244   0x08003244   0x000000d4   Code   RO         3684    i.HAL_DMA_Init      stm32f4xx_hal_dma.o
    0x08003318   0x08003318   0x00000024   Code   RO         4097    i.HAL_Delay         stm32f4xx_hal.o
    0x0800333c   0x0800333c   0x00000002   Code   RO         3569    i.HAL_GPIO_EXTI_Callback  stm32f4xx_hal_gpio.o
    0x0800333e   0x0800333e   0x00000002   PAD
    0x08003340   0x08003340   0x00000018   Code   RO         3570    i.HAL_GPIO_EXTI_IRQHandler  stm32f4xx_hal_gpio.o
    0x08003358   0x08003358   0x000001f0   Code   RO         3571    i.HAL_GPIO_Init     stm32f4xx_hal_gpio.o
    0x08003548   0x08003548   0x0000000a   Code   RO         3575    i.HAL_GPIO_WritePin  stm32f4xx_hal_gpio.o
    0x08003552   0x08003552   0x00000002   PAD
    0x08003554   0x08003554   0x0000000c   Code   RO         4103    i.HAL_GetTick       stm32f4xx_hal.o
    0x08003560   0x08003560   0x00000188   Code   RO         4359    i.HAL_I2C_Init      stm32f4xx_hal_i2c.o
    0x080036e8   0x080036e8   0x00000094   Code   RO          619    i.HAL_I2C_MspInit   i2c.o
    0x0800377c   0x0800377c   0x00000010   Code   RO         4109    i.HAL_IncTick       stm32f4xx_hal.o
    0x0800378c   0x0800378c   0x00000034   Code   RO         4110    i.HAL_Init          stm32f4xx_hal.o
    0x080037c0   0x080037c0   0x00000098   Code   RO         1093    i.HAL_InitTick      stm32f4xx_hal_timebase_tim.o
    0x08003858   0x08003858   0x00000038   Code   RO         1069    i.HAL_MspInit       stm32f4xx_hal_msp.o
    0x08003890   0x08003890   0x0000001a   Code   RO         3960    i.HAL_NVIC_EnableIRQ  stm32f4xx_hal_cortex.o
    0x080038aa   0x080038aa   0x00000002   PAD
    0x080038ac   0x080038ac   0x00000040   Code   RO         3966    i.HAL_NVIC_SetPriority  stm32f4xx_hal_cortex.o
    0x080038ec   0x080038ec   0x00000024   Code   RO         3967    i.HAL_NVIC_SetPriorityGrouping  stm32f4xx_hal_cortex.o
    0x08003910   0x08003910   0x00000134   Code   RO         3217    i.HAL_RCC_ClockConfig  stm32f4xx_hal_rcc.o
    0x08003a44   0x08003a44   0x00000040   Code   RO         3221    i.HAL_RCC_GetClockConfig  stm32f4xx_hal_rcc.o
    0x08003a84   0x08003a84   0x00000020   Code   RO         3224    i.HAL_RCC_GetPCLK1Freq  stm32f4xx_hal_rcc.o
    0x08003aa4   0x08003aa4   0x00000020   Code   RO         3225    i.HAL_RCC_GetPCLK2Freq  stm32f4xx_hal_rcc.o
    0x08003ac4   0x08003ac4   0x00000064   Code   RO         3226    i.HAL_RCC_GetSysClockFreq  stm32f4xx_hal_rcc.o
    0x08003b28   0x08003b28   0x0000036c   Code   RO         3229    i.HAL_RCC_OscConfig  stm32f4xx_hal_rcc.o
    0x08003e94   0x08003e94   0x00000002   Code   RO         4805    i.HAL_SPI_ErrorCallback  stm32f4xx_hal_spi.o
    0x08003e96   0x08003e96   0x00000002   PAD
    0x08003e98   0x08003e98   0x000000fc   Code   RO         4808    i.HAL_SPI_IRQHandler  stm32f4xx_hal_spi.o
    0x08003f94   0x08003f94   0x000000bc   Code   RO         4809    i.HAL_SPI_Init      stm32f4xx_hal_spi.o
    0x08004050   0x08004050   0x0000010c   Code   RO          661    i.HAL_SPI_MspInit   spi.o
    0x0800415c   0x0800415c   0x000001e2   Code   RO         4818    i.HAL_SPI_TransmitReceive  stm32f4xx_hal_spi.o
    0x0800433e   0x0800433e   0x00000002   Code   RO         5826    i.HAL_TIMEx_BreakCallback  stm32f4xx_hal_tim_ex.o
    0x08004340   0x08004340   0x00000002   Code   RO         5827    i.HAL_TIMEx_CommutCallback  stm32f4xx_hal_tim_ex.o
    0x08004342   0x08004342   0x00000002   PAD
    0x08004344   0x08004344   0x00000090   Code   RO         5845    i.HAL_TIMEx_MasterConfigSynchronization  stm32f4xx_hal_tim_ex.o
    0x080043d4   0x080043d4   0x0000005a   Code   RO         5122    i.HAL_TIM_Base_Init  stm32f4xx_hal_tim.o
    0x0800442e   0x0800442e   0x00000002   PAD
    0x08004430   0x08004430   0x00000124   Code   RO          703    i.HAL_TIM_Base_MspInit  tim.o
    0x08004554   0x08004554   0x00000080   Code   RO         5127    i.HAL_TIM_Base_Start_IT  stm32f4xx_hal_tim.o
    0x080045d4   0x080045d4   0x000000dc   Code   RO         5131    i.HAL_TIM_ConfigClockSource  stm32f4xx_hal_tim.o
    0x080046b0   0x080046b0   0x00000002   Code   RO         5156    i.HAL_TIM_IC_CaptureCallback  stm32f4xx_hal_tim.o
    0x080046b2   0x080046b2   0x00000166   Code   RO         5170    i.HAL_TIM_IRQHandler  stm32f4xx_hal_tim.o
    0x08004818   0x08004818   0x00000054   Code   RO          704    i.HAL_TIM_MspPostInit  tim.o
    0x0800486c   0x0800486c   0x00000002   Code   RO         5173    i.HAL_TIM_OC_DelayElapsedCallback  stm32f4xx_hal_tim.o
    0x0800486e   0x0800486e   0x000000cc   Code   RO         5194    i.HAL_TIM_PWM_ConfigChannel  stm32f4xx_hal_tim.o
    0x0800493a   0x0800493a   0x0000005a   Code   RO         5197    i.HAL_TIM_PWM_Init  stm32f4xx_hal_tim.o
    0x08004994   0x08004994   0x00000002   Code   RO         5199    i.HAL_TIM_PWM_MspInit  stm32f4xx_hal_tim.o
    0x08004996   0x08004996   0x00000002   Code   RO         5200    i.HAL_TIM_PWM_PulseFinishedCallback  stm32f4xx_hal_tim.o
    0x08004998   0x08004998   0x000000c8   Code   RO         5202    i.HAL_TIM_PWM_Start  stm32f4xx_hal_tim.o
    0x08004a60   0x08004a60   0x00000014   Code   RO           14    i.HAL_TIM_PeriodElapsedCallback  main.o
    0x08004a74   0x08004a74   0x00000002   Code   RO         5213    i.HAL_TIM_TriggerCallback  stm32f4xx_hal_tim.o
    0x08004a76   0x08004a76   0x00000002   Code   RO         6104    i.HAL_UARTEx_RxEventCallback  stm32f4xx_hal_uart.o
    0x08004a78   0x08004a78   0x00000002   Code   RO         6118    i.HAL_UART_ErrorCallback  stm32f4xx_hal_uart.o
    0x08004a7a   0x08004a7a   0x00000002   PAD
    0x08004a7c   0x08004a7c   0x00000268   Code   RO         6121    i.HAL_UART_IRQHandler  stm32f4xx_hal_uart.o
    0x08004ce4   0x08004ce4   0x00000062   Code   RO         6122    i.HAL_UART_Init     stm32f4xx_hal_uart.o
    0x08004d46   0x08004d46   0x00000002   PAD
    0x08004d48   0x08004d48   0x000002cc   Code   RO          791    i.HAL_UART_MspInit  usart.o
    0x08005014   0x08005014   0x00000002   Code   RO         6128    i.HAL_UART_RxCpltCallback  stm32f4xx_hal_uart.o
    0x08005016   0x08005016   0x00000002   PAD
    0x08005018   0x08005018   0x000000b2   Code   RO         6130    i.HAL_UART_Transmit  stm32f4xx_hal_uart.o
    0x080050ca   0x080050ca   0x00000002   PAD
    0x080050cc   0x080050cc   0x00000018   Code   RO         2295    i.HAL_UART_TxCpltCallback  ui_task.o
    0x080050e4   0x080050e4   0x000000fc   Code   RO         1527    i.H_K_R_Adjustment  kalman_filter.o
    0x080051e0   0x080051e0   0x00000002   Code   RO          875    i.HardFault_Handler  stm32f4xx_it.o
    0x080051e2   0x080051e2   0x00000002   PAD
    0x080051e4   0x080051e4   0x00000244   Code   RO         1173    i.IMU_Param_Correction  ins_task.o
    0x08005428   0x08005428   0x00000158   Code   RO         1911    i.IMU_QuaternionEKF_F_Linearization_P_Fading  quaternionekf.o
    0x08005580   0x08005580   0x000000dc   Code   RO         1912    i.IMU_QuaternionEKF_Init  quaternionekf.o
    0x0800565c   0x0800565c   0x00000034   Code   RO         1913    i.IMU_QuaternionEKF_Observe  quaternionekf.o
    0x08005690   0x08005690   0x000000c4   Code   RO         1914    i.IMU_QuaternionEKF_SetH  quaternionekf.o
    0x08005754   0x08005754   0x00000414   Code   RO         1915    i.IMU_QuaternionEKF_Update  quaternionekf.o
    0x08005b68   0x08005b68   0x000003b8   Code   RO         1916    i.IMU_QuaternionEKF_xhatUpdate  quaternionekf.o
    0x08005f20   0x08005f20   0x00000060   Code   RO         1174    i.IMU_Temperature_Ctrl  ins_task.o
    0x08005f80   0x08005f80   0x000000b8   Code   RO         1175    i.INS_Init          ins_task.o
    0x08006038   0x08006038   0x00000208   Code   RO         1176    i.INS_Task          ins_task.o
    0x08006240   0x08006240   0x000001a4   Code   RO         2888    i.JUDGE_Receive     judge.o
    0x080063e4   0x080063e4   0x000003e8   Code   RO         1528    i.Kalman_Filter_Init  kalman_filter.o
    0x080067cc   0x080067cc   0x00000048   Code   RO         1529    i.Kalman_Filter_Measure  kalman_filter.o
    0x08006814   0x08006814   0x0000006a   Code   RO         1530    i.Kalman_Filter_P_Update  kalman_filter.o
    0x0800687e   0x0800687e   0x0000006c   Code   RO         1531    i.Kalman_Filter_PminusUpdate  kalman_filter.o
    0x080068ea   0x080068ea   0x000000cc   Code   RO         1532    i.Kalman_Filter_SetK  kalman_filter.o
    0x080069b6   0x080069b6   0x00000002   PAD
    0x080069b8   0x080069b8   0x000000e8   Code   RO         1533    i.Kalman_Filter_Update  kalman_filter.o
    0x08006aa0   0x08006aa0   0x00000074   Code   RO         1534    i.Kalman_Filter_xhatMinusUpdate  kalman_filter.o
    0x08006b14   0x08006b14   0x00000084   Code   RO         1535    i.Kalman_Filter_xhatUpdate  kalman_filter.o
    0x08006b98   0x08006b98   0x00000044   Code   RO          540    i.MX_CAN1_Init      can.o
    0x08006bdc   0x08006bdc   0x00000044   Code   RO          541    i.MX_CAN2_Init      can.o
    0x08006c20   0x08006c20   0x000000ac   Code   RO          591    i.MX_DMA_Init       dma.o
    0x08006ccc   0x08006ccc   0x00000068   Code   RO          439    i.MX_FREERTOS_Init  freertos.o
    0x08006d34   0x08006d34   0x00000250   Code   RO          307    i.MX_GPIO_Init      gpio.o
    0x08006f84   0x08006f84   0x00000040   Code   RO          620    i.MX_I2C3_Init      i2c.o
    0x08006fc4   0x08006fc4   0x00000048   Code   RO          662    i.MX_SPI1_Init      spi.o
    0x0800700c   0x0800700c   0x00000068   Code   RO          705    i.MX_TIM10_Init     tim.o
    0x08007074   0x08007074   0x0000006c   Code   RO          706    i.MX_TIM1_Init      tim.o
    0x080070e0   0x080070e0   0x00000064   Code   RO          707    i.MX_TIM2_Init      tim.o
    0x08007144   0x08007144   0x00000064   Code   RO          708    i.MX_TIM4_Init      tim.o
    0x080071a8   0x080071a8   0x00000044   Code   RO          709    i.MX_TIM6_Init      tim.o
    0x080071ec   0x080071ec   0x00000068   Code   RO          710    i.MX_TIM8_Init      tim.o
    0x08007254   0x08007254   0x0000004c   Code   RO          711    i.MX_TIM9_Init      tim.o
    0x080072a0   0x080072a0   0x00000038   Code   RO          792    i.MX_USART1_UART_Init  usart.o
    0x080072d8   0x080072d8   0x0000003c   Code   RO          793    i.MX_USART3_UART_Init  usart.o
    0x08007314   0x08007314   0x00000038   Code   RO          794    i.MX_USART6_UART_Init  usart.o
    0x0800734c   0x0800734c   0x00000002   Code   RO          876    i.MemManage_Handler  stm32f4xx_it.o
    0x0800734e   0x0800734e   0x00000002   Code   RO          877    i.NMI_Handler       stm32f4xx_it.o
    0x08007350   0x08007350   0x000001f4   Code   RO         1615    i.OLS_Derivative    user_lib.o
    0x08007544   0x08007544   0x00000042   Code   RO         1616    i.OLS_Init          user_lib.o
    0x08007586   0x08007586   0x00000002   PAD
    0x08007588   0x08007588   0x0000044c   Code   RO         1803    i.PID_Calculate     controller.o
    0x080079d4   0x080079d4   0x0000006e   Code   RO         1804    i.PID_Init          controller.o
    0x08007a42   0x08007a42   0x00000002   PAD
    0x08007a44   0x08007a44   0x00000114   Code   RO         1982    i.RC_move           chassis_task.o
    0x08007b58   0x08007b58   0x0000000c   Code   RO          878    i.SPI1_IRQHandler   stm32f4xx_it.o
    0x08007b64   0x08007b64   0x00000010   Code   RO         4836    i.SPI_DMAAbortOnError  stm32f4xx_hal_spi.o
    0x08007b74   0x08007b74   0x00000058   Code   RO         4847    i.SPI_EndRxTxTransaction  stm32f4xx_hal_spi.o
    0x08007bcc   0x08007bcc   0x000000b8   Code   RO         4852    i.SPI_WaitFlagStateUntilTimeout  stm32f4xx_hal_spi.o
    0x08007c84   0x08007c84   0x00000044   Code   RO         2588    i.Shoot_task        shoot_task.o
    0x08007cc8   0x08007cc8   0x0000006c   Code   RO         1983    i.Speedmapping      chassis_task.o
    0x08007d34   0x08007d34   0x00000010   Code   RO          442    i.StartINSTask      freertos.o
    0x08007d44   0x08007d44   0x0000002c   Code   RO         7861    i.SysTick_Handler   port.o
    0x08007d70   0x08007d70   0x00000094   Code   RO           15    i.SystemClock_Config  main.o
    0x08007e04   0x08007e04   0x0000001c   Code   RO         1133    i.SystemInit        system_stm32f4xx.o
    0x08007e20   0x08007e20   0x0000001c   Code   RO          879    i.TIM1_BRK_TIM9_IRQHandler  stm32f4xx_it.o
    0x08007e3c   0x08007e3c   0x00000050   Code   RO          880    i.TIM1_UP_TIM10_IRQHandler  stm32f4xx_it.o
    0x08007e8c   0x08007e8c   0x0000000c   Code   RO          881    i.TIM3_IRQHandler   stm32f4xx_it.o
    0x08007e98   0x08007e98   0x00000018   Code   RO          882    i.TIM6_DAC_IRQHandler  stm32f4xx_it.o
    0x08007eb0   0x08007eb0   0x0000000c   Code   RO          883    i.TIM8_BRK_TIM12_IRQHandler  stm32f4xx_it.o
    0x08007ebc   0x08007ebc   0x0000000c   Code   RO          884    i.TIM8_UP_TIM13_IRQHandler  stm32f4xx_it.o
    0x08007ec8   0x08007ec8   0x000000c8   Code   RO         5215    i.TIM_Base_SetConfig  stm32f4xx_hal_tim.o
    0x08007f90   0x08007f90   0x0000001a   Code   RO         5216    i.TIM_CCxChannelCmd  stm32f4xx_hal_tim.o
    0x08007faa   0x08007faa   0x00000014   Code   RO         5226    i.TIM_ETR_SetConfig  stm32f4xx_hal_tim.o
    0x08007fbe   0x08007fbe   0x00000010   Code   RO         5227    i.TIM_ITRx_SetConfig  stm32f4xx_hal_tim.o
    0x08007fce   0x08007fce   0x00000002   PAD
    0x08007fd0   0x08007fd0   0x00000060   Code   RO         5228    i.TIM_OC1_SetConfig  stm32f4xx_hal_tim.o
    0x08008030   0x08008030   0x0000006c   Code   RO         5229    i.TIM_OC2_SetConfig  stm32f4xx_hal_tim.o
    0x0800809c   0x0800809c   0x00000068   Code   RO         5230    i.TIM_OC3_SetConfig  stm32f4xx_hal_tim.o
    0x08008104   0x08008104   0x00000050   Code   RO         5231    i.TIM_OC4_SetConfig  stm32f4xx_hal_tim.o
    0x08008154   0x08008154   0x0000002a   Code   RO         1356    i.TIM_Set_PWM       bsp_pwm.o
    0x0800817e   0x0800817e   0x00000022   Code   RO         5233    i.TIM_TI1_ConfigInputStage  stm32f4xx_hal_tim.o
    0x080081a0   0x080081a0   0x00000024   Code   RO         5235    i.TIM_TI2_ConfigInputStage  stm32f4xx_hal_tim.o
    0x080081c4   0x080081c4   0x00000010   Code   RO         6135    i.UART_DMAAbortOnError  stm32f4xx_hal_uart.o
    0x080081d4   0x080081d4   0x0000004e   Code   RO         6145    i.UART_EndRxTransfer  stm32f4xx_hal_uart.o
    0x08008222   0x08008222   0x000000c0   Code   RO         6147    i.UART_Receive_IT   stm32f4xx_hal_uart.o
    0x080082e2   0x080082e2   0x00000002   PAD
    0x080082e4   0x080082e4   0x0000010c   Code   RO         6148    i.UART_SetConfig    stm32f4xx_hal_uart.o
    0x080083f0   0x080083f0   0x00000078   Code   RO         6151    i.UART_WaitOnFlagUntilTimeout  stm32f4xx_hal_uart.o
    0x08008468   0x08008468   0x0000000c   Code   RO          885    i.USART1_IRQHandler  stm32f4xx_it.o
    0x08008474   0x08008474   0x00000018   Code   RO          886    i.USART3_IRQHandler  stm32f4xx_it.o
    0x0800848c   0x0800848c   0x0000003c   Code   RO         2821    i.USART3_Init       drv_usart.o
    0x080084c8   0x080084c8   0x00000002   Code   RO         2932    i.USART3_rxDataHandler  rc_potocal.o
    0x080084ca   0x080084ca   0x00000002   PAD
    0x080084cc   0x080084cc   0x00000018   Code   RO          887    i.USART6_IRQHandler  stm32f4xx_it.o
    0x080084e4   0x080084e4   0x0000003c   Code   RO         2822    i.USART6_Init       drv_usart.o
    0x08008520   0x08008520   0x0000003c   Code   RO         2889    i.Update_data       judge.o
    0x0800855c   0x0800855c   0x00000002   Code   RO          888    i.UsageFault_Handler  stm32f4xx_it.o
    0x0800855e   0x0800855e   0x00000002   PAD
    0x08008560   0x08008560   0x0000003c   Code   RO         2651    i.Verify_CRC16_Check_Sum  crc.o
    0x0800859c   0x0800859c   0x00000026   Code   RO         2652    i.Verify_CRC8_Check_Sum  crc.o
    0x080085c2   0x080085c2   0x00000002   PAD
    0x080085c4   0x080085c4   0x00000048   Code   RO         2511    i.Yaw_read_imu      gimbal_task.o
    0x0800860c   0x0800860c   0x00000020   Code   RO         8569    i.__0printf         mc_w.l(printfa.o)
    0x0800862c   0x0800862c   0x00000030   Code   RO         8740    i.__ARM_fpclassify  m_wm.l(fpclassify.o)
    0x0800865c   0x0800865c   0x00000026   Code   RO         8658    i.__ARM_fpclassifyf  m_wm.l(fpclassifyf.o)
    0x08008682   0x08008682   0x00000020   Code   RO         3973    i.__NVIC_SetPriority  stm32f4xx_hal_cortex.o
    0x080086a2   0x080086a2   0x00000002   PAD
    0x080086a4   0x080086a4   0x00000118   Code   RO         8237    i.__hardfp_acosf    m_wm.l(acosf.o)
    0x080087bc   0x080087bc   0x0000012c   Code   RO         8249    i.__hardfp_asinf    m_wm.l(asinf.o)
    0x080088e8   0x080088e8   0x000002ac   Code   RO         8261    i.__hardfp_atan2f   m_wm.l(atan2f.o)
    0x08008b94   0x08008b94   0x00000004   PAD
    0x08008b98   0x08008b98   0x000000c8   Code   RO         8273    i.__hardfp_cos      m_wm.l(cos.o)
    0x08008c60   0x08008c60   0x000000c8   Code   RO         8285    i.__hardfp_sin      m_wm.l(sin.o)
    0x08008d28   0x08008d28   0x0000003a   Code   RO         8303    i.__hardfp_sqrtf    m_wm.l(sqrtf_full.o)
    0x08008d62   0x08008d62   0x00000006   PAD
    0x08008d68   0x08008d68   0x00000438   Code   RO         8674    i.__ieee754_rem_pio2  m_wm.l(rred.o)
    0x080091a0   0x080091a0   0x00000170   Code   RO         8641    i.__kernel_cos      m_wm.l(cos_i.o)
    0x08009310   0x08009310   0x000000f8   Code   RO         8742    i.__kernel_poly     m_wm.l(poly.o)
    0x08009408   0x08009408   0x00000130   Code   RO         8679    i.__kernel_sin      m_wm.l(sin_i.o)
    0x08009538   0x08009538   0x00000014   Code   RO         8645    i.__mathlib_dbl_infnan  m_wm.l(dunder.o)
    0x0800954c   0x0800954c   0x00000004   PAD
    0x08009550   0x08009550   0x00000020   Code   RO         8647    i.__mathlib_dbl_invalid  m_wm.l(dunder.o)
    0x08009570   0x08009570   0x00000020   Code   RO         8650    i.__mathlib_dbl_underflow  m_wm.l(dunder.o)
    0x08009590   0x08009590   0x00000006   Code   RO         8661    i.__mathlib_flt_infnan  m_wm.l(funder.o)
    0x08009596   0x08009596   0x00000006   Code   RO         8662    i.__mathlib_flt_infnan2  m_wm.l(funder.o)
    0x0800959c   0x0800959c   0x00000010   Code   RO         8663    i.__mathlib_flt_invalid  m_wm.l(funder.o)
    0x080095ac   0x080095ac   0x00000010   Code   RO         8666    i.__mathlib_flt_underflow  m_wm.l(funder.o)
    0x080095bc   0x080095bc   0x0000000e   Code   RO         8748    i.__scatterload_copy  mc_w.l(handlers.o)
    0x080095ca   0x080095ca   0x00000002   Code   RO         8749    i.__scatterload_null  mc_w.l(handlers.o)
    0x080095cc   0x080095cc   0x0000000e   Code   RO         8750    i.__scatterload_zeroinit  mc_w.l(handlers.o)
    0x080095da   0x080095da   0x00000002   PAD
    0x080095dc   0x080095dc   0x0000000c   Code   RO         8714    i.__set_errno       mc_w.l(errno.o)
    0x080095e8   0x080095e8   0x00000184   Code   RO         8576    i._fp_digits        mc_w.l(printfa.o)
    0x0800976c   0x0800976c   0x000006b4   Code   RO         8577    i._printf_core      mc_w.l(printfa.o)
    0x08009e20   0x08009e20   0x00000024   Code   RO         8578    i._printf_post_padding  mc_w.l(printfa.o)
    0x08009e44   0x08009e44   0x0000002e   Code   RO         8579    i._printf_pre_padding  mc_w.l(printfa.o)
    0x08009e72   0x08009e72   0x00000002   PAD
    0x08009e74   0x08009e74   0x00000078   Code   RO         2512    i.angle_over_zero   gimbal_task.o
    0x08009eec   0x08009eec   0x00000128   Code   RO         1394    i.bmi088_accel_init  bmi088driver.o
    0x0800a014   0x0800a014   0x000000fc   Code   RO         1395    i.bmi088_gyro_init  bmi088driver.o
    0x0800a110   0x0800a110   0x00000024   Code   RO         2747    i.can_remote        drv_can.o
    0x0800a134   0x0800a134   0x00000074   Code   RO         1984    i.chassis_current_give  chassis_task.o
    0x0800a1a8   0x0800a1a8   0x0000007c   Code   RO         2513    i.detel_calc        gimbal_task.o
    0x0800a224   0x0800a224   0x0000004c   Code   RO         2823    i.dma_m0_rxcplt_callback  drv_usart.o
    0x0800a270   0x0800a270   0x00000048   Code   RO         2824    i.dma_m1_rxcplt_callback  drv_usart.o
    0x0800a2b8   0x0800a2b8   0x000000b2   Code   RO         1807    i.f_Changing_Integration_Rate  controller.o
    0x0800a36a   0x0800a36a   0x00000002   PAD
    0x0800a36c   0x0800a36c   0x000000ba   Code   RO         1808    i.f_Derivative_On_Measurement  controller.o
    0x0800a426   0x0800a426   0x0000009a   Code   RO         1809    i.f_Integral_Limit  controller.o
    0x0800a4c0   0x0800a4c0   0x00000018   Code   RO         8736    i.fabs              m_wm.l(fabs.o)
    0x0800a4d8   0x0800a4d8   0x00000020   Code   RO         1621    i.float_constrain   user_lib.o
    0x0800a4f8   0x0800a4f8   0x00000022   Code   RO         1623    i.float_rounding    user_lib.o
    0x0800a51a   0x0800a51a   0x00000002   PAD
    0x0800a51c   0x0800a51c   0x00000018   Code   RO          795    i.fputc             usart.o
    0x0800a534   0x0800a534   0x0000003c   Code   RO         2514    i.gimbal_can1_cmd   gimbal_task.o
    0x0800a570   0x0800a570   0x0000002c   Code   RO         1917    i.invSqrt           quaternionekf.o
    0x0800a59c   0x0800a59c   0x000000a4   Code   RO           16    i.main              main.o
    0x0800a640   0x0800a640   0x0000000c   Code   RO         7426    i.makeFreeRtosPriority  cmsis_os.o
    0x0800a64c   0x0800a64c   0x0000006c   Code   RO         8598    i.malloc            mc_w.l(malloc.o)
    0x0800a6b8   0x0800a6b8   0x0000000e   Code   RO         7428    i.osDelay           cmsis_os.o
    0x0800a6c6   0x0800a6c6   0x0000000a   Code   RO         7431    i.osKernelStart     cmsis_os.o
    0x0800a6d0   0x0800a6d0   0x00000054   Code   RO         7465    i.osThreadCreate    cmsis_os.o
    0x0800a724   0x0800a724   0x0000009c   Code   RO         2708    i.pid_calc          pid.o
    0x0800a7c0   0x0800a7c0   0x00000022   Code   RO         2709    i.pid_init          pid.o
    0x0800a7e2   0x0800a7e2   0x00000002   PAD
    0x0800a7e4   0x0800a7e4   0x00000078   Code   RO         6920    i.prvAddCurrentTaskToDelayedList  tasks.o
    0x0800a85c   0x0800a85c   0x000000d0   Code   RO         6921    i.prvAddNewTaskToReadyList  tasks.o
    0x0800a92c   0x0800a92c   0x00000058   Code   RO         7268    i.prvCheckForValidListAndQueue  timers.o
    0x0800a984   0x0800a984   0x00000026   Code   RO         6583    i.prvCopyDataFromQueue  queue.o
    0x0800a9aa   0x0800a9aa   0x0000006c   Code   RO         6584    i.prvCopyDataToQueue  queue.o
    0x0800aa16   0x0800aa16   0x00000034   Code   RO         6922    i.prvDeleteTCB      tasks.o
    0x0800aa4a   0x0800aa4a   0x00000002   PAD
    0x0800aa4c   0x0800aa4c   0x0000004c   Code   RO         7805    i.prvHeapInit       heap_4.o
    0x0800aa98   0x0800aa98   0x00000060   Code   RO         6923    i.prvIdleTask       tasks.o
    0x0800aaf8   0x0800aaf8   0x00000016   Code   RO         6586    i.prvInitialiseNewQueue  queue.o
    0x0800ab0e   0x0800ab0e   0x00000002   PAD
    0x0800ab10   0x0800ab10   0x000000b4   Code   RO         6924    i.prvInitialiseNewTask  tasks.o
    0x0800abc4   0x0800abc4   0x0000004c   Code   RO         7806    i.prvInsertBlockIntoFreeList  heap_4.o
    0x0800ac10   0x0800ac10   0x00000038   Code   RO         7270    i.prvInsertTimerInActiveList  timers.o
    0x0800ac48   0x0800ac48   0x0000001c   Code   RO         6587    i.prvIsQueueEmpty   queue.o
    0x0800ac64   0x0800ac64   0x000000fc   Code   RO         7271    i.prvProcessReceivedCommands  timers.o
    0x0800ad60   0x0800ad60   0x000000c0   Code   RO         7272    i.prvProcessTimerOrBlockTask  timers.o
    0x0800ae20   0x0800ae20   0x00000020   Code   RO         6925    i.prvResetNextTaskUnblockTime  tasks.o
    0x0800ae40   0x0800ae40   0x00000028   Code   RO         7273    i.prvSampleTimeNow  timers.o
    0x0800ae68   0x0800ae68   0x0000006c   Code   RO         7274    i.prvSwitchTimerLists  timers.o
    0x0800aed4   0x0800aed4   0x00000028   Code   RO         7862    i.prvTaskExitError  port.o
    0x0800aefc   0x0800aefc   0x00000024   Code   RO         7275    i.prvTimerTask      timers.o
    0x0800af20   0x0800af20   0x0000006a   Code   RO         6588    i.prvUnlockQueue    queue.o
    0x0800af8a   0x0800af8a   0x00000002   PAD
    0x0800af8c   0x0800af8c   0x000000dc   Code   RO         7807    i.pvPortMalloc      heap_4.o
    0x0800b068   0x0800b068   0x0000002c   Code   RO         7863    i.pxPortInitialiseStack  port.o
    0x0800b094   0x0800b094   0x00000198   Code   RO         2515    i.remote_gimbal_control  gimbal_task.o
    0x0800b22c   0x0800b22c   0x00000050   Code   RO         2749    i.set_motor_current_can2  drv_can.o
    0x0800b27c   0x0800b27c   0x0000003c   Code   RO         2589    i.shoot_current_give  shoot_task.o
    0x0800b2b8   0x0800b2b8   0x0000003c   Code   RO         2590    i.shoot_loop_init   shoot_task.o
    0x0800b2f4   0x0800b2f4   0x0000003e   Code   RO         8305    i.sqrtf             m_wm.l(sqrtf_full.o)
    0x0800b332   0x0800b332   0x00000002   PAD
    0x0800b334   0x0800b334   0x0000003c   Code   RO         2593    i.trigger_can1_cmd  shoot_task.o
    0x0800b370   0x0800b370   0x0000009c   Code   RO         2825    i.uart_rx_idle_callback  drv_usart.o
    0x0800b40c   0x0800b40c   0x00000026   Code   RO         6546    i.uxListRemove      list.o
    0x0800b432   0x0800b432   0x00000002   PAD
    0x0800b434   0x0800b434   0x00000014   Code   RO          443    i.vApplicationGetIdleTaskMemory  freertos.o
    0x0800b448   0x0800b448   0x00000018   Code   RO          444    i.vApplicationGetTimerTaskMemory  freertos.o
    0x0800b460   0x0800b460   0x00000016   Code   RO         6547    i.vListInitialise   list.o
    0x0800b476   0x0800b476   0x00000006   Code   RO         6548    i.vListInitialiseItem  list.o
    0x0800b47c   0x0800b47c   0x00000030   Code   RO         6549    i.vListInsert       list.o
    0x0800b4ac   0x0800b4ac   0x00000018   Code   RO         6550    i.vListInsertEnd    list.o
    0x0800b4c4   0x0800b4c4   0x00000040   Code   RO         7865    i.vPortEnterCritical  port.o
    0x0800b504   0x0800b504   0x00000028   Code   RO         7866    i.vPortExitCritical  port.o
    0x0800b52c   0x0800b52c   0x00000064   Code   RO         7808    i.vPortFree         heap_4.o
    0x0800b590   0x0800b590   0x00000024   Code   RO         7867    i.vPortSetupTimerInterrupt  port.o
    0x0800b5b4   0x0800b5b4   0x00000054   Code   RO         7868    i.vPortValidateInterruptPriority  port.o
    0x0800b608   0x0800b608   0x00000028   Code   RO         6592    i.vQueueAddToRegistry  queue.o
    0x0800b630   0x0800b630   0x00000044   Code   RO         6595    i.vQueueWaitForMessageRestricted  queue.o
    0x0800b674   0x0800b674   0x0000004c   Code   RO         6936    i.vTaskDelay        tasks.o
    0x0800b6c0   0x0800b6c0   0x00000010   Code   RO         6940    i.vTaskInternalSetTimeOutState  tasks.o
    0x0800b6d0   0x0800b6d0   0x0000000c   Code   RO         6941    i.vTaskMissedYield  tasks.o
    0x0800b6dc   0x0800b6dc   0x00000030   Code   RO         6943    i.vTaskPlaceOnEventList  tasks.o
    0x0800b70c   0x0800b70c   0x00000038   Code   RO         6944    i.vTaskPlaceOnEventListRestricted  tasks.o
    0x0800b744   0x0800b744   0x00000088   Code   RO         6951    i.vTaskStartScheduler  tasks.o
    0x0800b7cc   0x0800b7cc   0x00000010   Code   RO         6953    i.vTaskSuspendAll   tasks.o
    0x0800b7dc   0x0800b7dc   0x0000005c   Code   RO         6954    i.vTaskSwitchContext  tasks.o
    0x0800b838   0x0800b838   0x000000f4   Code   RO         7869    i.xPortStartScheduler  port.o
    0x0800b92c   0x0800b92c   0x00000066   Code   RO         6599    i.xQueueGenericCreateStatic  queue.o
    0x0800b992   0x0800b992   0x00000002   PAD
    0x0800b994   0x0800b994   0x00000088   Code   RO         6600    i.xQueueGenericReset  queue.o
    0x0800ba1c   0x0800ba1c   0x00000160   Code   RO         6601    i.xQueueGenericSend  queue.o
    0x0800bb7c   0x0800bb7c   0x000000be   Code   RO         6602    i.xQueueGenericSendFromISR  queue.o
    0x0800bc3a   0x0800bc3a   0x00000002   PAD
    0x0800bc3c   0x0800bc3c   0x00000138   Code   RO         6610    i.xQueueReceive     queue.o
    0x0800bd74   0x0800bd74   0x00000088   Code   RO         6957    i.xTaskCheckForTimeOut  tasks.o
    0x0800bdfc   0x0800bdfc   0x0000005a   Code   RO         6958    i.xTaskCreate       tasks.o
    0x0800be56   0x0800be56   0x00000056   Code   RO         6959    i.xTaskCreateStatic  tasks.o
    0x0800beac   0x0800beac   0x0000001c   Code   RO         6964    i.xTaskGetSchedulerState  tasks.o
    0x0800bec8   0x0800bec8   0x0000000c   Code   RO         6965    i.xTaskGetTickCount  tasks.o
    0x0800bed4   0x0800bed4   0x000000cc   Code   RO         6967    i.xTaskIncrementTick  tasks.o
    0x0800bfa0   0x0800bfa0   0x00000098   Code   RO         6970    i.xTaskPriorityDisinherit  tasks.o
    0x0800c038   0x0800c038   0x00000074   Code   RO         6972    i.xTaskRemoveFromEventList  tasks.o
    0x0800c0ac   0x0800c0ac   0x000000c4   Code   RO         6973    i.xTaskResumeAll    tasks.o
    0x0800c170   0x0800c170   0x00000060   Code   RO         7282    i.xTimerCreateTimerTask  timers.o
    0x0800c1d0   0x0800c1d0   0x00000068   Code   RO         7283    i.xTimerGenericCommand  timers.o
    0x0800c238   0x0800c238   0x00000070   Data   RO          446    .constdata          freertos.o
    0x0800c2a8   0x0800c2a8   0x00000010   Data   RO         1134    .constdata          system_stm32f4xx.o
    0x0800c2b8   0x0800c2b8   0x00000008   Data   RO         1135    .constdata          system_stm32f4xx.o
    0x0800c2c0   0x0800c2c0   0x00000030   Data   RO         1180    .constdata          ins_task.o
    0x0800c2f0   0x0800c2f0   0x00000090   Data   RO         1919    .constdata          quaternionekf.o
    0x0800c380   0x0800c380   0x00000300   Data   RO         2654    .constdata          crc.o
    0x0800c680   0x0800c680   0x00000008   Data   RO         3690    .constdata          stm32f4xx_hal_dma.o
    0x0800c688   0x0800c688   0x00000804   Data   RO         8214    .constdata          arm_cortexM4lf_math.lib(arm_common_tables.o)
    0x0800ce8c   0x0800ce8c   0x00000004   PAD
    0x0800ce90   0x0800ce90   0x00000030   Data   RO         8642    .constdata          m_wm.l(cos_i.o)
    0x0800cec0   0x0800cec0   0x000000c8   Data   RO         8676    .constdata          m_wm.l(rred.o)
    0x0800cf88   0x0800cf88   0x00000028   Data   RO         8680    .constdata          m_wm.l(sin_i.o)
    0x0800cfb0   0x0800cfb0   0x0000002a   Data   RO          447    .conststring        freertos.o
    0x0800cfda   0x0800cfda   0x00000002   PAD
    0x0800cfdc   0x0800cfdc   0x00000020   Data   RO         8746    Region$$Table       anon$$obj.o


    Execution Region RW_IRAM1 (Exec base: 0x20000000, Load base: 0x0800cffc, Size: 0x0000bcb8, Max: 0x0001c000, ABSOLUTE, COMPRESSED[0x00000084])

    Exec Addr    Load Addr    Size         Type   Attr      Idx    E Section Name        Object

    0x20000000   COMPRESSED   0x00000010   Data   RW          451    .data               freertos.o
    0x20000010   COMPRESSED   0x00000004   Data   RW          543    .data               can.o
    0x20000014   COMPRESSED   0x00000014   Data   RW          889    .data               stm32f4xx_it.o
    0x20000028   COMPRESSED   0x00000004   Data   RW         1136    .data               system_stm32f4xx.o
    0x2000002c   COMPRESSED   0x0000004c   Data   RW         1181    .data               ins_task.o
    0x20000078   COMPRESSED   0x00000040   Data   RW         1288    .data               bsp_dwt.o
    0x200000b8   COMPRESSED   0x00000048   Data   RW         1397    .data               bmi088driver.o
    0x20000100   COMPRESSED   0x00000004   Data   RW         1478    .data               bmi088middleware.o
    0x20000104   COMPRESSED   0x00000004   Data   RW         1536    .data               kalman_filter.o
    0x20000108   COMPRESSED   0x00000014   Data   RW         1632    .data               user_lib.o
    0x2000011c   COMPRESSED   0x000000d4   Data   RW         1920    .data               quaternionekf.o
    0x200001f0   COMPRESSED   0x00000034   Data   RW         1987    .data               chassis_task.o
    0x20000224   COMPRESSED   0x00000003   Data   RW         2322    .data               ui_task.o
    0x20000227   COMPRESSED   0x00000001   PAD
    0x20000228   COMPRESSED   0x00000030   Data   RW         2517    .data               gimbal_task.o
    0x20000258   COMPRESSED   0x00000002   Data   RW         2655    .data               crc.o
    0x2000025a   COMPRESSED   0x00000002   PAD
    0x2000025c   COMPRESSED   0x00000004   Data   RW         2755    .data               drv_can.o
    0x20000260   COMPRESSED   0x00000001   Data   RW         2827    .data               drv_usart.o
    0x20000261   COMPRESSED   0x00000003   PAD
    0x20000264   COMPRESSED   0x00000010   Data   RW         2893    .data               judge.o
    0x20000274   COMPRESSED   0x0000000c   Data   RW         4117    .data               stm32f4xx_hal.o
    0x20000280   COMPRESSED   0x0000003c   Data   RW         6976    .data               tasks.o
    0x200002bc   COMPRESSED   0x00000014   Data   RW         7291    .data               timers.o
    0x200002d0   COMPRESSED   0x00000020   Data   RW         7814    .data               heap_4.o
    0x200002f0   COMPRESSED   0x0000000c   Data   RW         7870    .data               port.o
    0x200002fc   COMPRESSED   0x00000004   Data   RW         8701    .data               mc_w.l(stdout.o)
    0x20000300   COMPRESSED   0x00000004   Data   RW         8710    .data               mc_w.l(mvars.o)
    0x20000304   COMPRESSED   0x00000004   Data   RW         8711    .data               mc_w.l(mvars.o)
    0x20000308   COMPRESSED   0x00000004   Data   RW         8715    .data               mc_w.l(errno.o)
    0x2000030c        -       0x000006a8   Zero   RW          445    .bss                freertos.o
    0x200009b4        -       0x00000050   Zero   RW          542    .bss                can.o
    0x20000a04        -       0x00000054   Zero   RW          621    .bss                i2c.o
    0x20000a58        -       0x00000118   Zero   RW          663    .bss                spi.o
    0x20000b70        -       0x000001f8   Zero   RW          712    .bss                tim.o
    0x20000d68        -       0x0000030c   Zero   RW          796    .bss                usart.o
    0x20001074        -       0x00000048   Zero   RW         1096    .bss                stm32f4xx_hal_timebase_tim.o
    0x200010bc        -       0x00000148   Zero   RW         1179    .bss                ins_task.o
    0x20001204        -       0x00000040   Zero   RW         1396    .bss                bmi088driver.o
    0x20001244   COMPRESSED   0x00000004   PAD
    0x20001248        -       0x00000270   Zero   RW         1918    .bss                quaternionekf.o
    0x200014b8        -       0x00000118   Zero   RW         1985    .bss                chassis_task.o
    0x200015d0        -       0x00000130   Zero   RW         2516    .bss                gimbal_task.o
    0x20001700        -       0x00000044   Zero   RW         2594    .bss                shoot_task.o
    0x20001744        -       0x00000090   Zero   RW         2750    .bss                drv_can.o
    0x200017d4        -       0x000001c0   Zero   RW         2826    .bss                drv_usart.o
    0x20001994        -       0x000000ca   Zero   RW         2890    .bss                judge.o
    0x20001a5e        -       0x00000016   Zero   RW         2933    .bss                rc_potocal.o
    0x20001a74        -       0x00000040   Zero   RW         6613    .bss                queue.o
    0x20001ab4        -       0x000000f0   Zero   RW         6975    .bss                tasks.o
    0x20001ba4        -       0x00000110   Zero   RW         7290    .bss                timers.o
    0x20001cb4        -       0x00006000   Zero   RW         7813    .bss                heap_4.o
    0x20007cb4   COMPRESSED   0x00000004   PAD
    0x20007cb8        -       0x00002000   Zero   RW            2    HEAP                startup_stm32f407xx.o
    0x20009cb8        -       0x00002000   Zero   RW            1    STACK               startup_stm32f407xx.o


    Execution Region RW_IRAM2 (Exec base: 0x2001c000, Load base: 0x0800d080, Size: 0x00000000, Max: 0x00004000, ABSOLUTE)

    **** No section assigned to this execution region ****


==============================================================================

Image component sizes


      Code (inc. data)   RO Data    RW Data    ZI Data      Debug   Object Name

      2208        108          0         72         64      10581   bmi088driver.o
       100         30          0          4          0       3084   bmi088middleware.o
       448         68          0         64          0       4286   bsp_dwt.o
        42          0          0          0          0        838   bsp_pwm.o
       420         42          0          4         80       2398   can.o
       940         50          0         52        280     578661   chassis_task.o
       120          0          0          0          0      23073   cmsis_os.o
      1728         12          0          0          0       8941   controller.o
       170         16        768          2          0       3575   crc.o
       172          4          0          0          0        822   dma.o
       740         44          0          4        144       5245   drv_can.o
      1044         84          0          1        448       6048   drv_usart.o
         0          0          0          0          0      17204   event_groups.o
         0          0          0          0          0        540   exchange.o
       164         18        154         16       1704       3823   freertos.o
      1036        156          0         48        304       7467   gimbal_task.o
       592         34          0          0          0     711991   gpio.o
       472         24          0         32      24576       4823   heap_4.o
       212         32          0          0         84       1645   i2c.o
      1848        114         48         76        328      10673   ins_task.o
       480         22          0         16        202       7406   judge.o
      2222         20          0          4          0      22583   kalman_filter.o
       138          0          0          0          0       3502   list.o
       336         32          0          0          0     731995   main.o
       190          0          0          0          0       2238   pid.o
       786         82          0         12          0      11713   port.o
      2852        168        144        212        624      10451   quaternionekf.o
      1502         20          0          0         64      17160   queue.o
         2          0          0          0         22       2430   rc_potocal.o
       248         50          0          0         68       3493   shoot_task.o
       340         34          0          0        280       1835   spi.o
        36          8        392          0      16384        840   startup_stm32f407xx.o
       116         18          0         12          0       8638   stm32f4xx_hal.o
      1658          6          0          0          0      14047   stm32f4xx_hal_can.o
       158         14          0          0          0      33126   stm32f4xx_hal_cortex.o
       934         16          8          0          0       5539   stm32f4xx_hal_dma.o
       532         52          0          0          0       3312   stm32f4xx_hal_gpio.o
       392         16          0          0          0       3095   stm32f4xx_hal_i2c.o
        56          4          0          0          0        814   stm32f4xx_hal_msp.o
      1412         86          0          0          0       5817   stm32f4xx_hal_rcc.o
      1212         18          0          0          0       7058   stm32f4xx_hal_spi.o
      2020        136          0          0          0      16654   stm32f4xx_hal_tim.o
       148         28          0          0          0       2409   stm32f4xx_hal_tim_ex.o
       152         20          0          0         72       1419   stm32f4xx_hal_timebase_tim.o
      1572         16          0          0          0       9810   stm32f4xx_hal_uart.o
       558        182          0         20          0      15269   stm32f4xx_it.o
        28          6         24          4          0       1095   system_stm32f4xx.o
      2160        160          0         60        240      26600   tasks.o
      1036        102          0          0        504       6216   tim.o
       972         80          0         20        272      29719   timers.o
        24         10          0          3          0       6058   ui_task.o
       912         82          0          0        780       5490   usart.o
       632          4          0         20          0      23681   user_lib.o

    ----------------------------------------------------------------------
     38342       2328       1572        764      47532    2447230   Object Totals
         0          0         32          0          0          0   (incl. Generated)
        70          0          2          6          8          0   (incl. Padding)

    ----------------------------------------------------------------------

      Code (inc. data)   RO Data    RW Data    ZI Data      Debug   Library Member Name

         0          0       2052          0          0       4704   arm_common_tables.o
       120         12          0          0          0      17170   arm_cos_f32.o
       264          0          0          0          0       1826   arm_mat_add_f32.o
         8          0          0          0          0        999   arm_mat_init_f32.o
      1328          4          0          0          0       4782   arm_mat_inverse_f32.o
       316          4          0          0          0       2375   arm_mat_mult_f32.o
       264          0          0          0          0       1826   arm_mat_sub_f32.o
       276          0          0          0          0       2240   arm_mat_trans_f32.o
       148         18          0          0          0        814   arm_sin_f32.o
       280         46          0          0          0        176   acosf.o
       300         42          0          0          0        176   asinf.o
       684         90          0          0          0        208   atan2f.o
       200         20          0          0          0        164   cos.o
       368         46         48          0          0        200   cos_i.o
        84         16          0          0          0        372   dunder.o
        24          0          0          0          0        124   fabs.o
        48          0          0          0          0        124   fpclassify.o
        38          0          0          0          0        116   fpclassifyf.o
        44         12          0          0          0        464   funder.o
       248          0          0          0          0        152   poly.o
      1080        142        200          0          0        188   rred.o
       200         20          0          0          0        164   sin.o
       304         24         40          0          0        208   sin_i.o
       120          0          0          0          0        272   sqrtf_full.o
        86          0          0          0          0          0   __dczerorl2.o
         0          0          0          0          0          0   entry.o
         0          0          0          0          0          0   entry10a.o
         0          0          0          0          0          0   entry11a.o
         4          0          0          0          0          0   entry12b.o
         8          4          0          0          0          0   entry2.o
         4          0          0          0          0          0   entry5.o
         0          0          0          0          0          0   entry7b.o
         0          0          0          0          0          0   entry8b.o
         8          4          0          0          0          0   entry9a.o
        12          6          0          4          0         68   errno.o
        30          0          0          0          0          0   handlers.o
        36          8          0          0          0         68   init.o
         0          0          0          0          0          0   iusefp.o
        30          0          0          0          0         68   llshl.o
        36          0          0          0          0         68   llsshr.o
        32          0          0          0          0         68   llushr.o
       108         16          0          0          0         84   malloc.o
        36          0          0          0          0         68   memcpya.o
        36          0          0          0          0        108   memseta.o
         0          0          0          8          0          0   mvars.o
      2218         90          0          0          0        464   printfa.o
         0          0          0          4          0          0   stdout.o
        44          0          0          0          0         80   uidiv.o
        98          0          0          0          0         92   uldiv.o
        48          0          0          0          0         68   cdrcmple.o
        56          0          0          0          0         88   d2f.o
       334          0          0          0          0        148   dadd.o
       222          0          0          0          0        100   ddiv.o
       186          0          0          0          0        176   depilogue.o
        62          0          0          0          0         80   dfixi.o
        48          0          0          0          0         68   dfixul.o
        34          0          0          0          0         76   dflti.o
        26          0          0          0          0         76   dfltui.o
       228          0          0          0          0         96   dmul.o
        38          0          0          0          0         68   f2d.o
       110          0          0          0          0        168   fepilogue.o

    ----------------------------------------------------------------------
     10986        628       2344         16          0      42292   Library Totals
        22          4          4          0          0          0   (incl. Padding)

    ----------------------------------------------------------------------

      Code (inc. data)   RO Data    RW Data    ZI Data      Debug   Library Name

      2724         38       2052          0          0      36736   arm_cortexM4lf_math.lib
      4022        458        288          0          0       3108   m_wm.l
      2826        128          0         16          0       1236   mc_w.l
      1392          0          0          0          0       1212   mf_w.l

    ----------------------------------------------------------------------
     10986        628       2344         16          0      42292   Library Totals

    ----------------------------------------------------------------------

==============================================================================


      Code (inc. data)   RO Data    RW Data    ZI Data      Debug   

     49328       2956       3916        780      47532    2456558   Grand Totals
     49328       2956       3916        132      47532    2456558   ELF Image Totals (compressed)
     49328       2956       3916        132          0          0   ROM Totals

==============================================================================

    Total RO  Size (Code + RO Data)                53244 (  52.00kB)
    Total RW  Size (RW Data + ZI Data)             48312 (  47.18kB)
    Total ROM Size (Code + RO Data + RW Data)      53376 (  52.13kB)

==============================================================================

